23:28:32 DEBUG : Logs will be stored at 'C:/Users/gm/workspace_placebo_2/IDE.log'.
23:28:37 INFO  : Registering command handlers for Vitis TCF services
23:28:37 INFO  : Launching XSCT server: xsct.bat -n  -interactive C:\Users\gm\workspace_placebo_2\temp_xsdb_launch_script.tcl
23:28:38 INFO  : Platform repository initialization has completed.
23:28:40 INFO  : XSCT server has started successfully.
23:28:40 INFO  : plnx-install-location is set to ''
23:28:40 INFO  : Successfully done setting XSCT server connection channel  
23:28:43 INFO  : Successfully done setting workspace for the tool. 
23:28:43 INFO  : Successfully done query RDI_DATADIR 
23:29:30 INFO  : Result from executing command 'getProjects': top
23:29:30 INFO  : Result from executing command 'getPlatforms': xilinx_zcu102_base_202310_1|C:/Xilinx/Vitis/2023.1/base_platforms/xilinx_zcu102_base_202310_1/xilinx_zcu102_base_202310_1.xpfm;xilinx_zcu102_base_dfx_202310_1|C:/Xilinx/Vitis/2023.1/base_platforms/xilinx_zcu102_base_dfx_202310_1/xilinx_zcu102_base_dfx_202310_1.xpfm;xilinx_zcu104_base_202310_1|C:/Xilinx/Vitis/2023.1/base_platforms/xilinx_zcu104_base_202310_1/xilinx_zcu104_base_202310_1.xpfm
23:29:30 WARN  : An unexpected exception occurred in the module 'platform project logging'
23:29:31 INFO  : Platform 'top' is added to custom repositories.
23:29:39 INFO  : Platform 'top' is added to custom repositories.
23:30:27 INFO  : Result from executing command 'getProjects': top
23:30:27 INFO  : Result from executing command 'getPlatforms': top|C:/Users/gm/workspace_placebo_2/top/export/top/top.xpfm;xilinx_zcu102_base_202310_1|C:/Xilinx/Vitis/2023.1/base_platforms/xilinx_zcu102_base_202310_1/xilinx_zcu102_base_202310_1.xpfm;xilinx_zcu102_base_dfx_202310_1|C:/Xilinx/Vitis/2023.1/base_platforms/xilinx_zcu102_base_dfx_202310_1/xilinx_zcu102_base_dfx_202310_1.xpfm;xilinx_zcu104_base_202310_1|C:/Xilinx/Vitis/2023.1/base_platforms/xilinx_zcu104_base_202310_1/xilinx_zcu104_base_202310_1.xpfm
23:30:28 INFO  : Checking for BSP changes to sync application flags for project 'working_test'...
13:48:00 DEBUG : Logs will be stored at 'C:/Users/gm/workspace_placebo_2/IDE.log'.
13:48:00 INFO  : Launching XSCT server: xsct.bat -n  -interactive C:\Users\gm\workspace_placebo_2\temp_xsdb_launch_script.tcl
13:48:02 INFO  : XSCT server has started successfully.
13:48:02 INFO  : plnx-install-location is set to ''
13:48:02 INFO  : Successfully done setting XSCT server connection channel  
13:48:02 INFO  : Successfully done setting workspace for the tool. 
13:48:03 INFO  : Platform repository initialization has completed.
13:48:13 INFO  : Registering command handlers for Vitis TCF services
13:48:17 INFO  : Successfully done query RDI_DATADIR 
