
*** Running vivado
    with args -log xfft_0.vds -m64 -product Vivado -mode batch -messageDb vivado.pb -notrace -source xfft_0.tcl


ECHO is off.
ECHO is off.

****** Vivado v2023.1 (64-bit)
  **** SW Build 3865809 on Sun May  7 15:05:29 MDT 2023
  **** IP Build 3864474 on Sun May  7 20:36:21 MDT 2023
  **** SharedData Build 3865790 on Sun May 07 13:33:03 MDT 2023
    ** Copyright 1986-2022 Xilinx, Inc. All Rights Reserved.
    ** Copyright 2022-2023 Advanced Micro Devices, Inc. All Rights Reserved.

source xfft_0.tcl -notrace
INFO: [IP_Flow 19-234] Refreshing IP repositories
INFO: [IP_Flow 19-1700] Loaded user IP repository 'd:/Desktop PRE-FORMAT 25/CR_CYCLO/Verilog/ComBlock/core-comblock-master/src'.
INFO: [IP_Flow 19-2313] Loaded Vivado IP repository 'C:/Xilinx/Vivado/2023.1/data/ip'.
WARNING: [IP_Flow 19-4995] The host OS only allows 260 characters in a normal path. The IP cache path is more than 80 characters. If you experience issues with IP caching, please consider changing the IP cache to a location with a shorter path. Alternately consider using the OS subst command to map part of the path to a drive letter. 
Current IP cache path is c:/Users/gm/Vivado Projects/complete_det_modded_turbo/complete_det_modded_turbo.cache/ip 
INFO: [IP_Flow 19-6924] IPCACHE: Running cache check for IP inst: xfft_0
Command: synth_design -top xfft_0 -part xc7z020clg484-1 -incremental_mode off -mode out_of_context
Starting synth_design
Attempting to get a license for feature 'Synthesis' and/or device 'xc7z020'
INFO: [Common 17-349] Got license for feature 'Synthesis' and/or device 'xc7z020'
INFO: [Device 21-403] Loading part xc7z020clg484-1
INFO: [Synth 8-7079] Multithreading enabled for synth_design using a maximum of 2 processes.
INFO: [Synth 8-7078] Launching helper process for spawning children vivado processes
INFO: [Synth 8-7075] Helper process launched with PID 9380
---------------------------------------------------------------------------------
Starting RTL Elaboration : Time (s): cpu = 00:00:08 ; elapsed = 00:00:08 . Memory (MB): peak = 1304.938 ; gain = 409.344
---------------------------------------------------------------------------------
INFO: [Synth 8-638] synthesizing module 'xfft_0' [c:/Users/gm/Vivado Projects/complete_det_modded_turbo/complete_det_modded_turbo.gen/sources_1/ip/xfft_0/synth/xfft_0.vhd:80]
	Parameter C_XDEVICEFAMILY bound to: zynq - type: string 
	Parameter C_PART bound to: xc7z020clg484-1 - type: string 
	Parameter C_S_AXIS_CONFIG_TDATA_WIDTH bound to: 8 - type: integer 
	Parameter C_S_AXIS_DATA_TDATA_WIDTH bound to: 32 - type: integer 
	Parameter C_M_AXIS_DATA_TDATA_WIDTH bound to: 32 - type: integer 
	Parameter C_M_AXIS_DATA_TUSER_WIDTH bound to: 1 - type: integer 
	Parameter C_M_AXIS_STATUS_TDATA_WIDTH bound to: 1 - type: integer 
	Parameter C_THROTTLE_SCHEME bound to: 0 - type: integer 
	Parameter C_CHANNELS bound to: 1 - type: integer 
	Parameter C_NFFT_MAX bound to: 5 - type: integer 
	Parameter C_ARCH bound to: 3 - type: integer 
	Parameter C_HAS_NFFT bound to: 0 - type: integer 
	Parameter C_USE_FLT_PT bound to: 0 - type: integer 
	Parameter C_INPUT_WIDTH bound to: 16 - type: integer 
	Parameter C_TWIDDLE_WIDTH bound to: 16 - type: integer 
	Parameter C_OUTPUT_WIDTH bound to: 16 - type: integer 
	Parameter C_HAS_SCALING bound to: 1 - type: integer 
	Parameter C_HAS_BFP bound to: 0 - type: integer 
	Parameter C_HAS_ROUNDING bound to: 1 - type: integer 
	Parameter C_HAS_ACLKEN bound to: 0 - type: integer 
	Parameter C_HAS_ARESETN bound to: 1 - type: integer 
	Parameter C_HAS_OVFLO bound to: 0 - type: integer 
	Parameter C_HAS_NATURAL_INPUT bound to: 1 - type: integer 
	Parameter C_HAS_NATURAL_OUTPUT bound to: 1 - type: integer 
	Parameter C_HAS_CYCLIC_PREFIX bound to: 0 - type: integer 
	Parameter C_HAS_XK_INDEX bound to: 0 - type: integer 
	Parameter C_DATA_MEM_TYPE bound to: 1 - type: integer 
	Parameter C_TWIDDLE_MEM_TYPE bound to: 1 - type: integer 
	Parameter C_BRAM_STAGES bound to: 0 - type: integer 
	Parameter C_REORDER_MEM_TYPE bound to: 1 - type: integer 
	Parameter C_USE_HYBRID_RAM bound to: 0 - type: integer 
	Parameter C_OPTIMIZE_GOAL bound to: 0 - type: integer 
	Parameter C_CMPY_TYPE bound to: 1 - type: integer 
	Parameter C_BFLY_TYPE bound to: 0 - type: integer 
INFO: [Synth 8-3491] module 'xfft_v9_1_9' declared at 'c:/Users/gm/Vivado Projects/complete_det_modded_turbo/complete_det_modded_turbo.gen/sources_1/ip/xfft_0/hdl/xfft_v9_1_vh_rfs.vhd:103739' bound to instance 'U0' of component 'xfft_v9_1_9' [c:/Users/gm/Vivado Projects/complete_det_modded_turbo/complete_det_modded_turbo.gen/sources_1/ip/xfft_0/synth/xfft_0.vhd:183]
INFO: [Synth 8-3919] null assignment ignored
INFO: [Synth 8-3919] null assignment ignored
INFO: [Synth 8-3919] null assignment ignored
INFO: [Synth 8-3919] null assignment ignored
INFO: [Synth 8-3919] null assignment ignored
INFO: [Synth 8-3919] null assignment ignored
INFO: [Synth 8-3919] null assignment ignored
INFO: [Synth 8-3919] null assignment ignored
INFO: [Synth 8-3919] null assignment ignored
INFO: [Synth 8-3919] null assignment ignored
INFO: [Synth 8-3919] null assignment ignored
INFO: [Synth 8-3919] null assignment ignored
INFO: [Synth 8-3919] null assignment ignored
INFO: [Synth 8-3919] null assignment ignored
INFO: [Synth 8-3919] null assignment ignored
INFO: [Synth 8-3919] null assignment ignored
INFO: [Synth 8-3919] null assignment ignored
INFO: [Synth 8-3919] null assignment ignored
INFO: [Synth 8-3919] null assignment ignored
INFO: [Synth 8-3919] null assignment ignored
INFO: [Synth 8-3919] null assignment ignored
INFO: [Synth 8-3919] null assignment ignored
INFO: [Synth 8-3919] null assignment ignored
INFO: [Synth 8-3919] null assignment ignored
INFO: [Synth 8-3919] null assignment ignored
INFO: [Synth 8-3919] null assignment ignored
INFO: [Synth 8-3919] null assignment ignored
INFO: [Synth 8-3919] null assignment ignored
INFO: [Synth 8-3919] null assignment ignored
INFO: [Synth 8-3919] null assignment ignored
INFO: [Synth 8-3919] null assignment ignored
INFO: [Synth 8-3919] null assignment ignored
INFO: [Synth 8-3919] null assignment ignored
INFO: [Synth 8-3919] null assignment ignored
INFO: [Synth 8-3919] null assignment ignored
INFO: [Synth 8-3919] null assignment ignored
INFO: [Synth 8-3919] null assignment ignored
INFO: [Synth 8-3919] null assignment ignored
INFO: [Synth 8-3919] null assignment ignored
INFO: [Synth 8-3919] null assignment ignored
INFO: [Synth 8-3919] null assignment ignored
INFO: [Synth 8-3919] null assignment ignored
INFO: [Synth 8-3919] null assignment ignored
INFO: [Synth 8-3919] null assignment ignored
INFO: [Synth 8-3919] null assignment ignored
INFO: [Synth 8-3919] null assignment ignored
INFO: [Synth 8-3919] null assignment ignored
INFO: [Synth 8-3919] null assignment ignored
INFO: [Synth 8-3919] null assignment ignored
INFO: [Synth 8-3919] null assignment ignored
INFO: [Synth 8-3919] null assignment ignored
INFO: [Synth 8-3919] null assignment ignored
INFO: [Synth 8-3919] null assignment ignored
INFO: [Synth 8-3919] null assignment ignored
INFO: [Synth 8-256] done synthesizing module 'xfft_0' (0#1) [c:/Users/gm/Vivado Projects/complete_det_modded_turbo/complete_det_modded_turbo.gen/sources_1/ip/xfft_0/synth/xfft_0.vhd:80]
WARNING: [Synth 8-7129] Port Q[0] in module shift_ram__parameterized57 is either unconnected or has no load
WARNING: [Synth 8-7129] Port D[0] in module shift_ram__parameterized57 is either unconnected or has no load
WARNING: [Synth 8-7129] Port CLK in module shift_ram__parameterized57 is either unconnected or has no load
WARNING: [Synth 8-7129] Port CE in module shift_ram__parameterized57 is either unconnected or has no load
WARNING: [Synth 8-7129] Port SCLR in module shift_ram__parameterized57 is either unconnected or has no load
WARNING: [Synth 8-7129] Port COMBI_SCLR in module shift_ram__parameterized57 is either unconnected or has no load
WARNING: [Synth 8-7129] Port DEPTHx2 in module shift_ram__parameterized57 is either unconnected or has no load
WARNING: [Synth 8-7129] Port a[3] in module c_shift_ram_v12_0_14_legacy__parameterized9 is either unconnected or has no load
WARNING: [Synth 8-7129] Port a[2] in module c_shift_ram_v12_0_14_legacy__parameterized9 is either unconnected or has no load
WARNING: [Synth 8-7129] Port a[1] in module c_shift_ram_v12_0_14_legacy__parameterized9 is either unconnected or has no load
WARNING: [Synth 8-7129] Port a[0] in module c_shift_ram_v12_0_14_legacy__parameterized9 is either unconnected or has no load
WARNING: [Synth 8-7129] Port aclr in module c_shift_ram_v12_0_14_legacy__parameterized9 is either unconnected or has no load
WARNING: [Synth 8-7129] Port aset in module c_shift_ram_v12_0_14_legacy__parameterized9 is either unconnected or has no load
WARNING: [Synth 8-7129] Port ainit in module c_shift_ram_v12_0_14_legacy__parameterized9 is either unconnected or has no load
WARNING: [Synth 8-7129] Port sclr in module c_shift_ram_v12_0_14_legacy__parameterized9 is either unconnected or has no load
WARNING: [Synth 8-7129] Port sset in module c_shift_ram_v12_0_14_legacy__parameterized9 is either unconnected or has no load
WARNING: [Synth 8-7129] Port sinit in module c_shift_ram_v12_0_14_legacy__parameterized9 is either unconnected or has no load
WARNING: [Synth 8-7129] Port D[0] in module shift_ram__parameterized59 is either unconnected or has no load
WARNING: [Synth 8-7129] Port DEPTHx2 in module shift_ram__parameterized59 is either unconnected or has no load
WARNING: [Synth 8-7129] Port D[15] in module shift_ram__parameterized58 is either unconnected or has no load
WARNING: [Synth 8-7129] Port D[14] in module shift_ram__parameterized58 is either unconnected or has no load
WARNING: [Synth 8-7129] Port D[13] in module shift_ram__parameterized58 is either unconnected or has no load
WARNING: [Synth 8-7129] Port D[12] in module shift_ram__parameterized58 is either unconnected or has no load
WARNING: [Synth 8-7129] Port D[11] in module shift_ram__parameterized58 is either unconnected or has no load
WARNING: [Synth 8-7129] Port D[10] in module shift_ram__parameterized58 is either unconnected or has no load
WARNING: [Synth 8-7129] Port D[9] in module shift_ram__parameterized58 is either unconnected or has no load
WARNING: [Synth 8-7129] Port D[8] in module shift_ram__parameterized58 is either unconnected or has no load
WARNING: [Synth 8-7129] Port D[7] in module shift_ram__parameterized58 is either unconnected or has no load
WARNING: [Synth 8-7129] Port D[6] in module shift_ram__parameterized58 is either unconnected or has no load
WARNING: [Synth 8-7129] Port D[5] in module shift_ram__parameterized58 is either unconnected or has no load
WARNING: [Synth 8-7129] Port D[4] in module shift_ram__parameterized58 is either unconnected or has no load
WARNING: [Synth 8-7129] Port D[3] in module shift_ram__parameterized58 is either unconnected or has no load
WARNING: [Synth 8-7129] Port D[2] in module shift_ram__parameterized58 is either unconnected or has no load
WARNING: [Synth 8-7129] Port D[1] in module shift_ram__parameterized58 is either unconnected or has no load
WARNING: [Synth 8-7129] Port D[0] in module shift_ram__parameterized58 is either unconnected or has no load
WARNING: [Synth 8-7129] Port DEPTHx2 in module shift_ram__parameterized58 is either unconnected or has no load
WARNING: [Synth 8-7129] Port a[3] in module c_shift_ram_v12_0_14_legacy is either unconnected or has no load
WARNING: [Synth 8-7129] Port a[2] in module c_shift_ram_v12_0_14_legacy is either unconnected or has no load
WARNING: [Synth 8-7129] Port a[1] in module c_shift_ram_v12_0_14_legacy is either unconnected or has no load
WARNING: [Synth 8-7129] Port a[0] in module c_shift_ram_v12_0_14_legacy is either unconnected or has no load
WARNING: [Synth 8-7129] Port aclr in module c_shift_ram_v12_0_14_legacy is either unconnected or has no load
WARNING: [Synth 8-7129] Port aset in module c_shift_ram_v12_0_14_legacy is either unconnected or has no load
WARNING: [Synth 8-7129] Port ainit in module c_shift_ram_v12_0_14_legacy is either unconnected or has no load
WARNING: [Synth 8-7129] Port sclr in module c_shift_ram_v12_0_14_legacy is either unconnected or has no load
WARNING: [Synth 8-7129] Port sset in module c_shift_ram_v12_0_14_legacy is either unconnected or has no load
WARNING: [Synth 8-7129] Port sinit in module c_shift_ram_v12_0_14_legacy is either unconnected or has no load
WARNING: [Synth 8-7129] Port D[0] in module shift_ram__parameterized56 is either unconnected or has no load
WARNING: [Synth 8-7129] Port DEPTHx2 in module shift_ram__parameterized56 is either unconnected or has no load
WARNING: [Synth 8-7129] Port D1 in module shift_ram__parameterized55 is either unconnected or has no load
WARNING: [Synth 8-7129] Port DEPTHx2 in module shift_ram__parameterized55 is either unconnected or has no load
WARNING: [Synth 8-7129] Port depthx2 in module r22_memory is either unconnected or has no load
WARNING: [Synth 8-7129] Port Q1 in module shift_ram__parameterized54 is either unconnected or has no load
WARNING: [Synth 8-7129] Port D1 in module shift_ram__parameterized54 is either unconnected or has no load
WARNING: [Synth 8-7129] Port COMBI_SCLR in module shift_ram__parameterized54 is either unconnected or has no load
WARNING: [Synth 8-7129] Port DEPTHx2 in module shift_ram__parameterized54 is either unconnected or has no load
WARNING: [Synth 8-7129] Port D1 in module shift_ram__parameterized51 is either unconnected or has no load
WARNING: [Synth 8-7129] Port DEPTHx2 in module shift_ram__parameterized51 is either unconnected or has no load
WARNING: [Synth 8-7129] Port D[0] in module shift_ram__parameterized13 is either unconnected or has no load
WARNING: [Synth 8-7129] Port SCLR in module shift_ram__parameterized13 is either unconnected or has no load
WARNING: [Synth 8-7129] Port COMBI_SCLR in module shift_ram__parameterized13 is either unconnected or has no load
WARNING: [Synth 8-7129] Port DEPTHx2 in module shift_ram__parameterized13 is either unconnected or has no load
WARNING: [Synth 8-7129] Port Q1 in module shift_ram__parameterized53 is either unconnected or has no load
WARNING: [Synth 8-7129] Port D1 in module shift_ram__parameterized53 is either unconnected or has no load
WARNING: [Synth 8-7129] Port CLK in module shift_ram__parameterized53 is either unconnected or has no load
WARNING: [Synth 8-7129] Port CE in module shift_ram__parameterized53 is either unconnected or has no load
WARNING: [Synth 8-7129] Port SCLR in module shift_ram__parameterized53 is either unconnected or has no load
WARNING: [Synth 8-7129] Port COMBI_SCLR in module shift_ram__parameterized53 is either unconnected or has no load
WARNING: [Synth 8-7129] Port DEPTHx2 in module shift_ram__parameterized53 is either unconnected or has no load
WARNING: [Synth 8-7129] Port D1 in module shift_ram__parameterized52 is either unconnected or has no load
WARNING: [Synth 8-7129] Port SCLR in module shift_ram__parameterized52 is either unconnected or has no load
WARNING: [Synth 8-7129] Port COMBI_SCLR in module shift_ram__parameterized52 is either unconnected or has no load
WARNING: [Synth 8-7129] Port DEPTHx2 in module shift_ram__parameterized52 is either unconnected or has no load
WARNING: [Synth 8-7129] Port D[0] in module shift_ram__parameterized17 is either unconnected or has no load
WARNING: [Synth 8-7129] Port COMBI_SCLR in module shift_ram__parameterized17 is either unconnected or has no load
WARNING: [Synth 8-7129] Port DEPTHx2 in module shift_ram__parameterized17 is either unconnected or has no load
WARNING: [Synth 8-7129] Port MUXCY_IN in module equ_rtl is either unconnected or has no load
WARNING: [Synth 8-7129] Port AINIT in module c_reg_fd_v12_0_6_viv is either unconnected or has no load
WARNING: [Synth 8-7129] Port ACLR in module c_reg_fd_v12_0_6_viv is either unconnected or has no load
WARNING: [Synth 8-7129] Port ASET in module c_reg_fd_v12_0_6_viv is either unconnected or has no load
WARNING: [Synth 8-7129] Port SINIT in module c_reg_fd_v12_0_6_viv is either unconnected or has no load
WARNING: [Synth 8-7129] Port SSET in module c_reg_fd_v12_0_6_viv is either unconnected or has no load
WARNING: [Synth 8-7129] Port add in module c_addsub_v12_0_15_lut6_legacy__parameterized9 is either unconnected or has no load
WARNING: [Synth 8-7129] Port bypass in module c_addsub_v12_0_15_lut6_legacy__parameterized9 is either unconnected or has no load
WARNING: [Synth 8-7129] Port sset in module c_addsub_v12_0_15_lut6_legacy__parameterized9 is either unconnected or has no load
WARNING: [Synth 8-7129] Port sinit in module c_addsub_v12_0_15_lut6_legacy__parameterized9 is either unconnected or has no load
WARNING: [Synth 8-7129] Port b_in in module c_addsub_v12_0_15_legacy__parameterized9 is either unconnected or has no load
WARNING: [Synth 8-7129] Port a_signed in module c_addsub_v12_0_15_legacy__parameterized9 is either unconnected or has no load
WARNING: [Synth 8-7129] Port b_signed in module c_addsub_v12_0_15_legacy__parameterized9 is either unconnected or has no load
WARNING: [Synth 8-7129] Port MAX[4] in module cnt_tc_rtl_a__parameterized0 is either unconnected or has no load
WARNING: [Synth 8-7129] Port MAX[3] in module cnt_tc_rtl_a__parameterized0 is either unconnected or has no load
WARNING: [Synth 8-7129] Port MAX[2] in module cnt_tc_rtl_a__parameterized0 is either unconnected or has no load
WARNING: [Synth 8-7129] Port MAX[1] in module cnt_tc_rtl_a__parameterized0 is either unconnected or has no load
WARNING: [Synth 8-7129] Port MAX[0] in module cnt_tc_rtl_a__parameterized0 is either unconnected or has no load
WARNING: [Synth 8-7129] Port LOAD[4] in module cnt_tc_rtl_a__parameterized0 is either unconnected or has no load
WARNING: [Synth 8-7129] Port LOAD[3] in module cnt_tc_rtl_a__parameterized0 is either unconnected or has no load
WARNING: [Synth 8-7129] Port LOAD[2] in module cnt_tc_rtl_a__parameterized0 is either unconnected or has no load
WARNING: [Synth 8-7129] Port LOAD[1] in module cnt_tc_rtl_a__parameterized0 is either unconnected or has no load
WARNING: [Synth 8-7129] Port LOAD[0] in module cnt_tc_rtl_a__parameterized0 is either unconnected or has no load
WARNING: [Synth 8-7129] Port LOAD_EN in module cnt_tc_rtl_a__parameterized0 is either unconnected or has no load
WARNING: [Synth 8-7129] Port NFFT[4] in module r22_cnt_ctrl__parameterized4 is either unconnected or has no load
INFO: [Common 17-14] Message 'Synth 8-7129' appears 100 times and further instances of the messages will be disabled. Use the Tcl command set_msg_config to change the current settings.
---------------------------------------------------------------------------------
Finished RTL Elaboration : Time (s): cpu = 00:00:42 ; elapsed = 00:00:49 . Memory (MB): peak = 2391.645 ; gain = 1496.051
---------------------------------------------------------------------------------
---------------------------------------------------------------------------------
Start Handling Custom Attributes
---------------------------------------------------------------------------------
---------------------------------------------------------------------------------
Finished Handling Custom Attributes : Time (s): cpu = 00:00:42 ; elapsed = 00:00:49 . Memory (MB): peak = 2391.645 ; gain = 1496.051
---------------------------------------------------------------------------------
---------------------------------------------------------------------------------
Finished RTL Optimization Phase 1 : Time (s): cpu = 00:00:42 ; elapsed = 00:00:49 . Memory (MB): peak = 2391.645 ; gain = 1496.051
---------------------------------------------------------------------------------
Netlist sorting complete. Time (s): cpu = 00:00:00 ; elapsed = 00:00:00.096 . Memory (MB): peak = 2391.645 ; gain = 0.000
INFO: [Netlist 29-17] Analyzing 1088 Unisim elements for replacement
INFO: [Netlist 29-28] Unisim Transformation completed in 0 CPU seconds
INFO: [Project 1-570] Preparing netlist for logic optimization

Processing XDC Constraints
Initializing timing engine
Parsing XDC File [c:/Users/gm/Vivado Projects/complete_det_modded_turbo/complete_det_modded_turbo.gen/sources_1/ip/xfft_0/xfft_0_ooc.xdc] for cell 'U0'
Finished Parsing XDC File [c:/Users/gm/Vivado Projects/complete_det_modded_turbo/complete_det_modded_turbo.gen/sources_1/ip/xfft_0/xfft_0_ooc.xdc] for cell 'U0'
Parsing XDC File [C:/Users/gm/Vivado Projects/complete_det_modded_turbo/complete_det_modded_turbo.runs/xfft_0_synth_1/dont_touch.xdc]
Finished Parsing XDC File [C:/Users/gm/Vivado Projects/complete_det_modded_turbo/complete_det_modded_turbo.runs/xfft_0_synth_1/dont_touch.xdc]
Completed Processing XDC Constraints

Netlist sorting complete. Time (s): cpu = 00:00:00 ; elapsed = 00:00:00.003 . Memory (MB): peak = 2391.645 ; gain = 0.000
INFO: [Project 1-111] Unisim Transformation Summary:
  A total of 214 instances were transformed.
  FD => FDRE: 2 instances
  FDE => FDRE: 190 instances
  FDR => FDRE: 22 instances

Constraint Validation Runtime : Time (s): cpu = 00:00:01 ; elapsed = 00:00:00.104 . Memory (MB): peak = 2391.645 ; gain = 0.000
INFO: [Designutils 20-5008] Incremental synthesis strategy off
---------------------------------------------------------------------------------
Finished Constraint Validation : Time (s): cpu = 00:00:49 ; elapsed = 00:00:56 . Memory (MB): peak = 2391.645 ; gain = 1496.051
---------------------------------------------------------------------------------
---------------------------------------------------------------------------------
Start Loading Part and Timing Information
---------------------------------------------------------------------------------
Loading part: xc7z020clg484-1
---------------------------------------------------------------------------------
Finished Loading Part and Timing Information : Time (s): cpu = 00:00:49 ; elapsed = 00:00:56 . Memory (MB): peak = 2391.645 ; gain = 1496.051
---------------------------------------------------------------------------------
---------------------------------------------------------------------------------
Start Applying 'set_property' XDC Constraints
---------------------------------------------------------------------------------
Applied set_property KEEP_HIERARCHY = SOFT for U0. (constraint file  {C:/Users/gm/Vivado Projects/complete_det_modded_turbo/complete_det_modded_turbo.runs/xfft_0_synth_1/dont_touch.xdc}, line 9).
---------------------------------------------------------------------------------
Finished applying 'set_property' XDC Constraints : Time (s): cpu = 00:00:49 ; elapsed = 00:00:56 . Memory (MB): peak = 2391.645 ; gain = 1496.051
---------------------------------------------------------------------------------
---------------------------------------------------------------------------------
Finished RTL Optimization Phase 2 : Time (s): cpu = 00:00:51 ; elapsed = 00:00:59 . Memory (MB): peak = 2391.645 ; gain = 1496.051
---------------------------------------------------------------------------------
INFO: [Synth 8-223] decloning instance 'U0/i_synth/xfft_inst/non_floating_point.arch_d.xfft_inst/FLOW/reset_sustain.resets_4_pes[2].delay_reset_pe/tc_compare' (logic_gate) to 'U0/i_synth/xfft_inst/non_floating_point.arch_d.xfft_inst/FLOW/reset_sustain.resets_4_pes[2].delay_reset_pe/tc_compare1'
INFO: [Synth 8-223] decloning instance 'U0/i_synth/xfft_inst/non_floating_point.arch_d.xfft_inst/FLOW/reset_sustain.resets_4_pes[1].delay_reset_pe/tc_compare' (logic_gate__parameterized0) to 'U0/i_synth/xfft_inst/non_floating_point.arch_d.xfft_inst/FLOW/reset_sustain.resets_4_pes[1].delay_reset_pe/tc_compare1'
INFO: [Synth 8-223] decloning instance 'U0/i_synth/xfft_inst/non_floating_point.arch_d.xfft_inst/FLOW/reset_sustain.resets_4_pes[0].delay_reset_pe/tc_compare' (logic_gate__parameterized1) to 'U0/i_synth/xfft_inst/non_floating_point.arch_d.xfft_inst/FLOW/reset_sustain.resets_4_pes[0].delay_reset_pe/tc_compare1'
INFO: [Synth 8-223] decloning instance 'U0/i_synth/xfft_inst/non_floating_point.arch_d.xfft_inst/FLOW/reset_sustain.delay_reset_3/tc_compare' (logic_gate__parameterized2) to 'U0/i_synth/xfft_inst/non_floating_point.arch_d.xfft_inst/FLOW/reset_sustain.delay_reset_3/tc_compare1'
INFO: [Synth 8-223] decloning instance 'U0/i_synth/xfft_inst/non_floating_point.arch_d.xfft_inst/FLOW/reset_sustain.delay_reset_7/tc_compare' (logic_gate__parameterized3) to 'U0/i_synth/xfft_inst/non_floating_point.arch_d.xfft_inst/FLOW/reset_sustain.delay_reset_7/tc_compare1'
INFO: [Synth 8-223] decloning instance 'U0/i_synth/xfft_inst/non_floating_point.arch_d.xfft_inst/pe_gen[2].natural_order_input.PE/SR2' (shift_ram__parameterized47) to 'U0/i_synth/xfft_inst/non_floating_point.arch_d.xfft_inst/pe_gen[2].natural_order_input.PE/SR3'
---------------------------------------------------------------------------------
Start RTL Component Statistics 
---------------------------------------------------------------------------------
---------------------------------------------------------------------------------
Finished RTL Component Statistics 
---------------------------------------------------------------------------------
---------------------------------------------------------------------------------
Start Part Resource Summary
---------------------------------------------------------------------------------
Part Resources:
DSPs: 220 (col length:60)
BRAMs: 280 (col length: RAMB18 60 RAMB36 30)
---------------------------------------------------------------------------------
Finished Part Resource Summary
---------------------------------------------------------------------------------
---------------------------------------------------------------------------------
Start Cross Boundary and Area Optimization
---------------------------------------------------------------------------------
WARNING: [Synth 8-7080] Parallel synthesis criteria is not met
INFO: [Synth 8-3332] Sequential element (xfft_inst/non_floating_point.arch_d.xfft_inst/FLOW/reset_sustain.resets_4_pes[2].delay_reset_pe/tc_reg1) is unused and will be removed from module xfft_v9_1_9_viv.
INFO: [Synth 8-3332] Sequential element (xfft_inst/non_floating_point.arch_d.xfft_inst/FLOW/reset_sustain.resets_4_pes[1].delay_reset_pe/tc_reg1) is unused and will be removed from module xfft_v9_1_9_viv.
INFO: [Synth 8-3332] Sequential element (xfft_inst/non_floating_point.arch_d.xfft_inst/FLOW/reset_sustain.resets_4_pes[0].delay_reset_pe/tc_reg1) is unused and will be removed from module xfft_v9_1_9_viv.
INFO: [Synth 8-3332] Sequential element (xfft_inst/non_floating_point.arch_d.xfft_inst/FLOW/reset_sustain.delay_reset_3/tc_reg1) is unused and will be removed from module xfft_v9_1_9_viv.
INFO: [Synth 8-3332] Sequential element (xfft_inst/non_floating_point.arch_d.xfft_inst/FLOW/reset_sustain.delay_reset_7/tc_reg1) is unused and will be removed from module xfft_v9_1_9_viv.
INFO: [Synth 8-3332] Sequential element (xfft_inst/non_floating_point.arch_d.xfft_inst/pe0_bf1_addr_gen/no_sclr_lut.real_shift_ram.use_baseblock.use_hlutnm_srls.srl_loop[0].i_fdre0) is unused and will be removed from module xfft_v9_1_9_viv.
INFO: [Synth 8-3332] Sequential element (xfft_inst/non_floating_point.arch_d.xfft_inst/pe0_bf1_addr_gen/no_sclr_lut.real_shift_ram.use_baseblock.use_hlutnm_srls.srl_loop[0].i_fdre1) is unused and will be removed from module xfft_v9_1_9_viv.
INFO: [Synth 8-3332] Sequential element (xfft_inst/non_floating_point.arch_d.xfft_inst/pe0_bf1_addr_gen/no_sclr_lut.real_shift_ram.use_baseblock.use_hlutnm_srls.srl_loop[1].i_fdre0) is unused and will be removed from module xfft_v9_1_9_viv.
INFO: [Synth 8-3332] Sequential element (xfft_inst/non_floating_point.arch_d.xfft_inst/pe0_bf1_addr_gen/no_sclr_lut.real_shift_ram.use_baseblock.use_hlutnm_srls.srl_loop[1].i_fdre1) is unused and will be removed from module xfft_v9_1_9_viv.
INFO: [Synth 8-3332] Sequential element (xfft_inst/non_floating_point.arch_d.xfft_inst/pe_gen[0].natural_order_input.PE/scaling2bits.scaler_re/scale_mux/four_inputs.use_lut6.no_lut_sclr.four_to_one_mux[26].latency1.reg) is unused and will be removed from module xfft_v9_1_9_viv.
INFO: [Synth 8-3332] Sequential element (xfft_inst/non_floating_point.arch_d.xfft_inst/pe_gen[0].natural_order_input.PE/scaling2bits.scaler_re/scale_mux/four_inputs.use_lut6.no_lut_sclr.four_to_one_mux[25].latency1.reg) is unused and will be removed from module xfft_v9_1_9_viv.
INFO: [Synth 8-3332] Sequential element (xfft_inst/non_floating_point.arch_d.xfft_inst/pe_gen[0].natural_order_input.PE/scaling2bits.scaler_re/scale_mux/four_inputs.use_lut6.no_lut_sclr.four_to_one_mux[24].latency1.reg) is unused and will be removed from module xfft_v9_1_9_viv.
INFO: [Synth 8-3332] Sequential element (xfft_inst/non_floating_point.arch_d.xfft_inst/pe_gen[0].natural_order_input.PE/scaling2bits.scaler_im/scale_mux/four_inputs.use_lut6.no_lut_sclr.four_to_one_mux[26].latency1.reg) is unused and will be removed from module xfft_v9_1_9_viv.
INFO: [Synth 8-3332] Sequential element (xfft_inst/non_floating_point.arch_d.xfft_inst/pe_gen[0].natural_order_input.PE/scaling2bits.scaler_im/scale_mux/four_inputs.use_lut6.no_lut_sclr.four_to_one_mux[25].latency1.reg) is unused and will be removed from module xfft_v9_1_9_viv.
INFO: [Synth 8-3332] Sequential element (xfft_inst/non_floating_point.arch_d.xfft_inst/pe_gen[0].natural_order_input.PE/scaling2bits.scaler_im/scale_mux/four_inputs.use_lut6.no_lut_sclr.four_to_one_mux[24].latency1.reg) is unused and will be removed from module xfft_v9_1_9_viv.
INFO: [Synth 8-3332] Sequential element (xfft_inst/non_floating_point.arch_d.xfft_inst/pe_gen[0].natural_order_input.PE/rounding.ROUND_0/reg_gate.delay_d_2/no_sclr_lut.real_shift_ram.use_baseblock.use_hlutnm_srls.srl_loop[0].i_fdre0) is unused and will be removed from module xfft_v9_1_9_viv.
INFO: [Synth 8-3332] Sequential element (xfft_inst/non_floating_point.arch_d.xfft_inst/pe_gen[0].natural_order_input.PE/rounding.ROUND_1/reg_gate.delay_d_2/no_sclr_lut.real_shift_ram.use_baseblock.use_hlutnm_srls.srl_loop[0].i_fdre0) is unused and will be removed from module xfft_v9_1_9_viv.
INFO: [Synth 8-3332] Sequential element (xfft_inst/non_floating_point.arch_d.xfft_inst/pe_gen[0].natural_order_input.PE/has_scale_pipelining.has_tw_scale_reg.tw_scale_reg_gen[5].tw_scale_reg) is unused and will be removed from module xfft_v9_1_9_viv.
INFO: [Synth 8-3332] Sequential element (xfft_inst/non_floating_point.arch_d.xfft_inst/pe_gen[1].natural_order_input.PE/delay_addr_bf2/no_sclr_lut.real_shift_ram.use_baseblock.use_hlutnm_srls.srl_loop[0].i_fdre0) is unused and will be removed from module xfft_v9_1_9_viv.
INFO: [Synth 8-3332] Sequential element (xfft_inst/non_floating_point.arch_d.xfft_inst/pe_gen[1].natural_order_input.PE/delay_addr_tw/no_sclr_lut.real_shift_ram.use_baseblock.use_hlutnm_srls.srl_loop[0].i_fdre0) is unused and will be removed from module xfft_v9_1_9_viv.
INFO: [Synth 8-3332] Sequential element (xfft_inst/non_floating_point.arch_d.xfft_inst/pe_gen[1].natural_order_input.PE/delay_addr_tw/no_sclr_lut.real_shift_ram.use_baseblock.use_hlutnm_srls.srl_loop[0].i_fdre1) is unused and will be removed from module xfft_v9_1_9_viv.
INFO: [Synth 8-3332] Sequential element (xfft_inst/non_floating_point.arch_d.xfft_inst/pe_gen[1].natural_order_input.PE/delay_addr_tw/no_sclr_lut.real_shift_ram.use_baseblock.use_hlutnm_srls.runt_srl_loop.i_fdre) is unused and will be removed from module xfft_v9_1_9_viv.
INFO: [Synth 8-3332] Sequential element (xfft_inst/non_floating_point.arch_d.xfft_inst/pe_gen[1].natural_order_input.PE/has_TW_mult.MULT/i_cmpy/three_mult_structure.use_dsp.i_dsp48/optionally_negate_inputs/apply_negation.registered_twos_comp_hblknm.gen_full_slices[0].gen_fdre[0].ff_br) is unused and will be removed from module xfft_v9_1_9_viv.
INFO: [Synth 8-3332] Sequential element (xfft_inst/non_floating_point.arch_d.xfft_inst/pe_gen[1].natural_order_input.PE/has_TW_mult.MULT/i_cmpy/three_mult_structure.use_dsp.i_dsp48/optionally_negate_inputs/apply_negation.registered_twos_comp_hblknm.gen_full_slices[0].gen_fdre[0].ff_bi) is unused and will be removed from module xfft_v9_1_9_viv.
INFO: [Synth 8-3332] Sequential element (xfft_inst/non_floating_point.arch_d.xfft_inst/pe_gen[1].natural_order_input.PE/scaling2bits.scaler_re/scale_mux/four_inputs.use_lut6.no_lut_sclr.four_to_one_mux[26].latency1.reg) is unused and will be removed from module xfft_v9_1_9_viv.
INFO: [Synth 8-3332] Sequential element (xfft_inst/non_floating_point.arch_d.xfft_inst/pe_gen[1].natural_order_input.PE/scaling2bits.scaler_re/scale_mux/four_inputs.use_lut6.no_lut_sclr.four_to_one_mux[25].latency1.reg) is unused and will be removed from module xfft_v9_1_9_viv.
INFO: [Synth 8-3332] Sequential element (xfft_inst/non_floating_point.arch_d.xfft_inst/pe_gen[1].natural_order_input.PE/scaling2bits.scaler_re/scale_mux/four_inputs.use_lut6.no_lut_sclr.four_to_one_mux[24].latency1.reg) is unused and will be removed from module xfft_v9_1_9_viv.
INFO: [Synth 8-3332] Sequential element (xfft_inst/non_floating_point.arch_d.xfft_inst/pe_gen[1].natural_order_input.PE/scaling2bits.scaler_im/scale_mux/four_inputs.use_lut6.no_lut_sclr.four_to_one_mux[26].latency1.reg) is unused and will be removed from module xfft_v9_1_9_viv.
INFO: [Synth 8-3332] Sequential element (xfft_inst/non_floating_point.arch_d.xfft_inst/pe_gen[1].natural_order_input.PE/scaling2bits.scaler_im/scale_mux/four_inputs.use_lut6.no_lut_sclr.four_to_one_mux[25].latency1.reg) is unused and will be removed from module xfft_v9_1_9_viv.
INFO: [Synth 8-3332] Sequential element (xfft_inst/non_floating_point.arch_d.xfft_inst/pe_gen[1].natural_order_input.PE/scaling2bits.scaler_im/scale_mux/four_inputs.use_lut6.no_lut_sclr.four_to_one_mux[24].latency1.reg) is unused and will be removed from module xfft_v9_1_9_viv.
INFO: [Synth 8-3332] Sequential element (xfft_inst/non_floating_point.arch_d.xfft_inst/pe_gen[1].natural_order_input.PE/rounding.ROUND_0/reg_gate.delay_d_2/no_sclr_lut.real_shift_ram.use_baseblock.use_hlutnm_srls.srl_loop[0].i_fdre0) is unused and will be removed from module xfft_v9_1_9_viv.
INFO: [Synth 8-3332] Sequential element (xfft_inst/non_floating_point.arch_d.xfft_inst/pe_gen[1].natural_order_input.PE/rounding.ROUND_1/reg_gate.delay_d_2/no_sclr_lut.real_shift_ram.use_baseblock.use_hlutnm_srls.srl_loop[0].i_fdre0) is unused and will be removed from module xfft_v9_1_9_viv.
INFO: [Synth 8-3332] Sequential element (xfft_inst/non_floating_point.arch_d.xfft_inst/pe_gen[1].natural_order_input.PE/has_scale_pipelining.has_tw_scale_reg.tw_scale_reg_gen[3].tw_scale_reg) is unused and will be removed from module xfft_v9_1_9_viv.
INFO: [Synth 8-3332] Sequential element (xfft_inst/non_floating_point.arch_d.xfft_inst/pe_gen[2].natural_order_input.PE/has_scale_pipelining.pe_scale_delay/no_sclr_lut.real_shift_ram.use_baseblock.use_hlutnm_srls.srl_loop[0].i_fdre1) is unused and will be removed from module xfft_v9_1_9_viv.
INFO: [Synth 8-3332] Sequential element (xfft_inst/non_floating_point.arch_d.xfft_inst/pe_gen[2].natural_order_input.PE/has_scale_pipelining.pe_ovflo_delay/no_sclr_lut.real_shift_ram.use_baseblock.use_hlutnm_srls.runt_srl_loop.i_fdre) is unused and will be removed from module xfft_v9_1_9_viv.
INFO: [Synth 8-3332] Sequential element (xfft_inst/non_floating_point.arch_d.xfft_inst/pe_gen[2].natural_order_input.PE/delay_addr_bf2/no_sclr_lut.real_shift_ram.use_baseblock.use_hlutnm_srls.runt_srl_loop.i_fdre) is unused and will be removed from module xfft_v9_1_9_viv.
INFO: [Synth 8-3332] Sequential element (xfft_inst/non_floating_point.arch_d.xfft_inst/pe_gen[2].natural_order_input.PE/delay_addr_tw/no_sclr_lut.real_shift_ram.use_baseblock.use_hlutnm_srls.runt_srl_loop.i_fdre) is unused and will be removed from module xfft_v9_1_9_viv.
INFO: [Synth 8-3332] Sequential element (xfft_inst/non_floating_point.arch_d.xfft_inst/pe_gen[2].natural_order_input.PE/rounding.ROUND_0/reg_gate.delay_d_2/no_sclr_lut.real_shift_ram.use_baseblock.use_hlutnm_srls.srl_loop[0].i_fdre0) is unused and will be removed from module xfft_v9_1_9_viv.
INFO: [Synth 8-3332] Sequential element (xfft_inst/non_floating_point.arch_d.xfft_inst/pe_gen[2].natural_order_input.PE/rounding.ROUND_1/reg_gate.delay_d_2/no_sclr_lut.real_shift_ram.use_baseblock.use_hlutnm_srls.srl_loop[0].i_fdre0) is unused and will be removed from module xfft_v9_1_9_viv.
INFO: [Synth 8-3332] Sequential element (xfft_inst/non_floating_point.arch_d.xfft_inst/has_bit_reverse.REG3/need_sclr_lut.real_shift_ram.d3plus.use_hlutnm_srls.srl_loop[0].i_fdre0) is unused and will be removed from module xfft_v9_1_9_viv.
INFO: [Synth 8-3332] Sequential element (xfft_inst/non_floating_point.arch_d.xfft_inst/has_bit_reverse.REG3/need_sclr_lut.real_shift_ram.d3plus.use_hlutnm_srls.srl_loop[0].i_fdre1) is unused and will be removed from module xfft_v9_1_9_viv.
INFO: [Synth 8-3332] Sequential element (xfft_inst/non_floating_point.arch_d.xfft_inst/has_bit_reverse.REG3/need_sclr_lut.real_shift_ram.d3plus.use_hlutnm_srls.srl_loop[1].i_fdre0) is unused and will be removed from module xfft_v9_1_9_viv.
INFO: [Synth 8-3332] Sequential element (xfft_inst/non_floating_point.arch_d.xfft_inst/has_bit_reverse.REG3/need_sclr_lut.real_shift_ram.d3plus.use_hlutnm_srls.srl_loop[1].i_fdre1) is unused and will be removed from module xfft_v9_1_9_viv.
INFO: [Synth 8-3332] Sequential element (xfft_inst/non_floating_point.arch_d.xfft_inst/has_bit_reverse.REG3/need_sclr_lut.real_shift_ram.d3plus.use_hlutnm_srls.runt_srl_loop.i_fdre) is unused and will be removed from module xfft_v9_1_9_viv.
INFO: [Synth 8-3332] Sequential element (xfft_inst/non_floating_point.arch_d.xfft_inst/has_bit_reverse.REG3/need_sclr_lut.real_shift_ram.FF_gen[4].reg) is unused and will be removed from module xfft_v9_1_9_viv.
INFO: [Synth 8-3332] Sequential element (xfft_inst/non_floating_point.arch_d.xfft_inst/has_bit_reverse.REG3/need_sclr_lut.real_shift_ram.FF_gen[3].reg) is unused and will be removed from module xfft_v9_1_9_viv.
INFO: [Synth 8-3332] Sequential element (xfft_inst/non_floating_point.arch_d.xfft_inst/has_bit_reverse.REG3/need_sclr_lut.real_shift_ram.FF_gen[2].reg) is unused and will be removed from module xfft_v9_1_9_viv.
INFO: [Synth 8-3332] Sequential element (xfft_inst/non_floating_point.arch_d.xfft_inst/has_bit_reverse.REG3/need_sclr_lut.real_shift_ram.FF_gen[1].reg) is unused and will be removed from module xfft_v9_1_9_viv.
INFO: [Synth 8-3332] Sequential element (xfft_inst/non_floating_point.arch_d.xfft_inst/has_bit_reverse.REG3/need_sclr_lut.real_shift_ram.FF_gen[0].reg) is unused and will be removed from module xfft_v9_1_9_viv.
INFO: [Synth 8-3332] Sequential element (xfft_inst/non_floating_point.arch_d.xfft_inst/has_bit_reverse.delay_done_int/need_sclr_lut.real_shift_ram.FF_gen[0].reg) is unused and will be removed from module xfft_v9_1_9_viv.
INFO: [Synth 8-3332] Sequential element (xfft_inst/non_floating_point.arch_d.xfft_inst/has_bit_reverse.busy_gen/proc_start_delay/need_sclr_lut.real_shift_ram.FF_gen[0].reg) is unused and will be removed from module xfft_v9_1_9_viv.
---------------------------------------------------------------------------------
Finished Cross Boundary and Area Optimization : Time (s): cpu = 00:00:53 ; elapsed = 00:01:01 . Memory (MB): peak = 2391.645 ; gain = 1496.051
---------------------------------------------------------------------------------
---------------------------------------------------------------------------------
Start Applying XDC Timing Constraints
---------------------------------------------------------------------------------
---------------------------------------------------------------------------------
Finished Applying XDC Timing Constraints : Time (s): cpu = 00:00:58 ; elapsed = 00:01:07 . Memory (MB): peak = 2391.645 ; gain = 1496.051
---------------------------------------------------------------------------------
---------------------------------------------------------------------------------
Start Timing Optimization
---------------------------------------------------------------------------------
---------------------------------------------------------------------------------
Finished Timing Optimization : Time (s): cpu = 00:00:59 ; elapsed = 00:01:07 . Memory (MB): peak = 2391.645 ; gain = 1496.051
---------------------------------------------------------------------------------
---------------------------------------------------------------------------------
Start Technology Mapping
---------------------------------------------------------------------------------
---------------------------------------------------------------------------------
Finished Technology Mapping : Time (s): cpu = 00:00:59 ; elapsed = 00:01:08 . Memory (MB): peak = 2391.645 ; gain = 1496.051
---------------------------------------------------------------------------------
---------------------------------------------------------------------------------
Start IO Insertion
---------------------------------------------------------------------------------
---------------------------------------------------------------------------------
Start Flattening Before IO Insertion
---------------------------------------------------------------------------------
---------------------------------------------------------------------------------
Finished Flattening Before IO Insertion
---------------------------------------------------------------------------------
---------------------------------------------------------------------------------
Start Final Netlist Cleanup
---------------------------------------------------------------------------------
---------------------------------------------------------------------------------
Finished Final Netlist Cleanup
---------------------------------------------------------------------------------
---------------------------------------------------------------------------------
Finished IO Insertion : Time (s): cpu = 00:01:02 ; elapsed = 00:01:11 . Memory (MB): peak = 2391.645 ; gain = 1496.051
---------------------------------------------------------------------------------
---------------------------------------------------------------------------------
Start Renaming Generated Instances
---------------------------------------------------------------------------------
---------------------------------------------------------------------------------
Finished Renaming Generated Instances : Time (s): cpu = 00:01:02 ; elapsed = 00:01:11 . Memory (MB): peak = 2391.645 ; gain = 1496.051
---------------------------------------------------------------------------------
---------------------------------------------------------------------------------
Start Rebuilding User Hierarchy
---------------------------------------------------------------------------------
---------------------------------------------------------------------------------
Finished Rebuilding User Hierarchy : Time (s): cpu = 00:01:03 ; elapsed = 00:01:12 . Memory (MB): peak = 2391.645 ; gain = 1496.051
---------------------------------------------------------------------------------
---------------------------------------------------------------------------------
Start Renaming Generated Ports
---------------------------------------------------------------------------------
---------------------------------------------------------------------------------
Finished Renaming Generated Ports : Time (s): cpu = 00:01:03 ; elapsed = 00:01:12 . Memory (MB): peak = 2391.645 ; gain = 1496.051
---------------------------------------------------------------------------------
---------------------------------------------------------------------------------
Start Handling Custom Attributes
---------------------------------------------------------------------------------
---------------------------------------------------------------------------------
Finished Handling Custom Attributes : Time (s): cpu = 00:01:03 ; elapsed = 00:01:12 . Memory (MB): peak = 2391.645 ; gain = 1496.051
---------------------------------------------------------------------------------
---------------------------------------------------------------------------------
Start Renaming Generated Nets
---------------------------------------------------------------------------------
---------------------------------------------------------------------------------
Finished Renaming Generated Nets : Time (s): cpu = 00:01:03 ; elapsed = 00:01:12 . Memory (MB): peak = 2391.645 ; gain = 1496.051
---------------------------------------------------------------------------------
---------------------------------------------------------------------------------
Start Writing Synthesis Report
---------------------------------------------------------------------------------

DSP Final Report (the ' indicates corresponding REG is set)
+------------------------+--------------------------+--------+--------+--------+--------+--------+------+------+------+------+-------+------+------+
|Module Name             | DSP Mapping              | A Size | B Size | C Size | D Size | P Size | AREG | BREG | CREG | DREG | ADREG | MREG | PREG | 
+------------------------+--------------------------+--------+--------+--------+--------+--------+------+------+------+------+-------+------+------+
|dsp_142                 | (C'-(((D'+A'')'*B'')'))' | 25     | 18     | 48     | 25     | 43     | 2    | 2    | 2    | 2    | 1     | 1    | 1    | 
|dsp__parameterized0_141 | (C+((D'+A')'*B'')')'     | 25     | 18     | 9      | 25     | 43     | 1    | 2    | 2    | 2    | 1     | 1    | 1    | 
|dsp__parameterized1_139 | (C'+((D'-A'')'*B'')')'   | 25     | 18     | 48     | 25     | 43     | 2    | 2    | 2    | 2    | 1     | 1    | 1    | 
|dsp                     | (C'-(((D'+A'')'*B'')'))' | 25     | 18     | 48     | 25     | 43     | 2    | 2    | 2    | 2    | 1     | 1    | 1    | 
|dsp__parameterized0     | (C+((D'+A')'*B'')')'     | 25     | 18     | 9      | 25     | 43     | 1    | 2    | 2    | 2    | 1     | 1    | 1    | 
|dsp__parameterized1     | (C'+((D'-A'')'*B'')')'   | 25     | 18     | 48     | 25     | 43     | 2    | 2    | 2    | 2    | 1     | 1    | 1    | 
+------------------------+--------------------------+--------+--------+--------+--------+--------+------+------+------+------+-------+------+------+


Report BlackBoxes: 
+-+--------------+----------+
| |BlackBox name |Instances |
+-+--------------+----------+
+-+--------------+----------+

Report Cell Usage: 
+------+---------+------+
|      |Cell     |Count |
+------+---------+------+
|1     |CARRY4   |    18|
|2     |DSP48E1  |     6|
|4     |LUT1     |    25|
|5     |LUT2     |   276|
|6     |LUT3     |   495|
|7     |LUT4     |    83|
|8     |LUT5     |    12|
|9     |LUT6     |   162|
|10    |MUXCY    |   436|
|11    |RAMB18E1 |     1|
|12    |SRL16E   |   450|
|13    |SRLC32E  |    30|
|14    |XORCY    |   427|
|15    |FD       |     2|
|16    |FDE      |   183|
|17    |FDR      |    15|
|18    |FDRE     |  2071|
|19    |FDSE     |    17|
+------+---------+------+
---------------------------------------------------------------------------------
Finished Writing Synthesis Report : Time (s): cpu = 00:01:03 ; elapsed = 00:01:12 . Memory (MB): peak = 2391.645 ; gain = 1496.051
---------------------------------------------------------------------------------
Synthesis finished with 0 errors, 0 critical warnings and 566 warnings.
Synthesis Optimization Runtime : Time (s): cpu = 00:00:18 ; elapsed = 00:01:09 . Memory (MB): peak = 2391.645 ; gain = 1496.051
Synthesis Optimization Complete : Time (s): cpu = 00:01:03 ; elapsed = 00:01:12 . Memory (MB): peak = 2391.645 ; gain = 1496.051
INFO: [Project 1-571] Translating synthesized netlist
Netlist sorting complete. Time (s): cpu = 00:00:00 ; elapsed = 00:00:00.066 . Memory (MB): peak = 2391.645 ; gain = 0.000
INFO: [Netlist 29-17] Analyzing 1088 Unisim elements for replacement
INFO: [Netlist 29-28] Unisim Transformation completed in 0 CPU seconds
INFO: [Project 1-570] Preparing netlist for logic optimization
INFO: [Opt 31-138] Pushed 0 inverter(s) to 0 load pin(s).
Netlist sorting complete. Time (s): cpu = 00:00:00 ; elapsed = 00:00:00.002 . Memory (MB): peak = 2391.645 ; gain = 0.000
INFO: [Project 1-111] Unisim Transformation Summary:
  A total of 340 instances were transformed.
  (MUXCY,XORCY) => CARRY4: 140 instances
  FD => FDRE: 2 instances
  FDE => FDRE: 183 instances
  FDR => FDRE: 15 instances

Synth Design complete | Checksum: 88859ac2
INFO: [Common 17-83] Releasing license: Synthesis
136 Infos, 102 Warnings, 0 Critical Warnings and 0 Errors encountered.
synth_design completed successfully
INFO: [Common 17-600] The following parameters have non-default value.
tcl.statsThreshold
INFO: [Common 17-1381] The checkpoint 'C:/Users/gm/Vivado Projects/complete_det_modded_turbo/complete_det_modded_turbo.runs/xfft_0_synth_1/xfft_0.dcp' has been generated.
INFO: [Coretcl 2-1648] Added synthesis output to IP cache for IP xfft_0, cache-ID = aeeececf94d7a948
INFO: [Coretcl 2-1174] Renamed 423 cell refs.
INFO: [Common 17-1381] The checkpoint 'C:/Users/gm/Vivado Projects/complete_det_modded_turbo/complete_det_modded_turbo.runs/xfft_0_synth_1/xfft_0.dcp' has been generated.
INFO: [runtcl-4] Executing : report_utilization -file xfft_0_utilization_synth.rpt -pb xfft_0_utilization_synth.pb
INFO: [Common 17-206] Exiting Vivado at Tue Sep 15 21:23:04 2026...
