Copyright 1986-2022 Xilinx, Inc. All Rights Reserved. Copyright 2022-2023 Advanced Micro Devices, Inc. All Rights Reserved.
-----------------------------------------------------------------------------------------------------------------------------------------------
| Tool Version : Vivado v.2023.1 (win64) Build 3865809 Sun May  7 15:05:29 MDT 2023
| Date         : Thu Aug 13 23:10:29 2026
| Host         : Geronimo running 64-bit major release  (build 9200)
| Command      : report_methodology -file top_methodology_drc_routed.rpt -pb top_methodology_drc_routed.pb -rpx top_methodology_drc_routed.rpx
| Design       : top
| Device       : xc7z020clg484-1
| Speed File   : -1
| Design State : Fully Routed
-----------------------------------------------------------------------------------------------------------------------------------------------

Report Methodology

Table of Contents
-----------------
1. REPORT SUMMARY
2. REPORT DETAILS

1. REPORT SUMMARY
-----------------
            Netlist: netlist
          Floorplan: design_1
      Design limits: <entire design considered>
             Max violations: <unlimited>
             Violations found: 26
+-----------+----------+------------------------------+------------+
| Rule      | Severity | Description                  | Violations |
+-----------+----------+------------------------------+------------+
| LUTAR-1   | Warning  | LUT drives async reset alert | 1          |
| SYNTH-10  | Warning  | Wide multiplier              | 24         |
| TIMING-23 | Warning  | Combinational loop found     | 1          |
+-----------+----------+------------------------------+------------+

2. REPORT DETAILS
-----------------
LUTAR-1#1 Warning
LUT drives async reset alert  
LUT cell pm_top_mux_inst/pm_top_mux_fsmd_control/p_0_out_i_2, with 2 or more inputs, drives asynchronous preset/clear pin(s) pm_top_mux_inst/scd_estimator_inst/pm_first_stage_wrap_inst/first_stage_fsmd_control/r_ram_read_addr_reg_reg[0]/CLR,
pm_top_mux_inst/scd_estimator_inst/pm_first_stage_wrap_inst/first_stage_fsmd_control/r_ram_read_addr_reg_reg[1]/CLR,
pm_top_mux_inst/scd_estimator_inst/pm_first_stage_wrap_inst/first_stage_fsmd_control/r_ram_read_addr_reg_reg[2]/CLR,
pm_top_mux_inst/scd_estimator_inst/pm_first_stage_wrap_inst/first_stage_fsmd_control/r_ram_read_addr_reg_reg[3]/CLR,
pm_top_mux_inst/scd_estimator_inst/pm_first_stage_wrap_inst/first_stage_fsmd_control/r_ram_read_addr_reg_reg[4]/CLR,
pm_top_mux_inst/scd_estimator_inst/pm_first_stage_wrap_inst/first_stage_fsmd_control/r_ram_read_addr_reg_reg[5]/CLR,
pm_top_mux_inst/scd_estimator_inst/pm_first_stage_wrap_inst/first_stage_fsmd_control/r_ram_read_addr_reg_reg[6]/CLR,
pm_top_mux_inst/scd_estimator_inst/pm_first_stage_wrap_inst/first_stage_fsmd_control/r_ram_read_addr_reg_reg[7]/CLR,
pm_top_mux_inst/scd_estimator_inst/pm_first_stage_wrap_inst/first_stage_fsmd_control/r_ram_write_addr_reg_reg[0]/CLR,
pm_top_mux_inst/scd_estimator_inst/pm_first_stage_wrap_inst/first_stage_fsmd_control/r_ram_write_addr_reg_reg[1]/CLR,
pm_top_mux_inst/scd_estimator_inst/pm_first_stage_wrap_inst/first_stage_fsmd_control/r_ram_write_addr_reg_reg[2]/CLR,
pm_top_mux_inst/scd_estimator_inst/pm_first_stage_wrap_inst/first_stage_fsmd_control/r_ram_write_addr_reg_reg[3]/CLR,
pm_top_mux_inst/scd_estimator_inst/pm_first_stage_wrap_inst/first_stage_fsmd_control/r_ram_write_addr_reg_reg[4]/CLR,
pm_top_mux_inst/scd_estimator_inst/pm_first_stage_wrap_inst/first_stage_fsmd_control/r_ram_write_addr_reg_reg[5]/CLR,
pm_top_mux_inst/scd_estimator_inst/pm_first_stage_wrap_inst/first_stage_fsmd_control/r_ram_write_addr_reg_reg[6]/CLR
 (the first 15 of 63 listed). The LUT may glitch and trigger an unexpected reset, even if it is a properly timed path.
Related violations: <none>

SYNTH-10#1 Warning
Wide multiplier  
Detected multiplier at pm_top_mux_inst/detection_compare_inst/r_comparison1 of size 15x18, it is decomposed from a wide multipler into 4 DSP blocks.
Related violations: <none>

SYNTH-10#2 Warning
Wide multiplier  
Detected multiplier at pm_top_mux_inst/detection_compare_inst/r_comparison1__0 of size 15x15, it is decomposed from a wide multipler into 4 DSP blocks.
Related violations: <none>

SYNTH-10#3 Warning
Wide multiplier  
Detected multiplier at pm_top_mux_inst/detection_compare_inst/r_comparison1__1 of size 18x18, it is decomposed from a wide multipler into 4 DSP blocks.
Related violations: <none>

SYNTH-10#4 Warning
Wide multiplier  
Detected multiplier at pm_top_mux_inst/detection_compare_inst/r_comparison1__2 of size 18x15, it is decomposed from a wide multipler into 4 DSP blocks.
Related violations: <none>

SYNTH-10#5 Warning
Wide multiplier  
Detected multiplier at pm_top_mux_inst/detection_compare_inst/r_comparison1__3 of size 15x18, it is decomposed from a wide multipler into 4 DSP blocks.
Related violations: <none>

SYNTH-10#6 Warning
Wide multiplier  
Detected multiplier at pm_top_mux_inst/detection_compare_inst/r_comparison1__4 of size 15x15, it is decomposed from a wide multipler into 4 DSP blocks.
Related violations: <none>

SYNTH-10#7 Warning
Wide multiplier  
Detected multiplier at pm_top_mux_inst/detection_compare_inst/r_comparison1__5 of size 18x18, it is decomposed from a wide multipler into 4 DSP blocks.
Related violations: <none>

SYNTH-10#8 Warning
Wide multiplier  
Detected multiplier at pm_top_mux_inst/detection_compare_inst/r_comparison1__6 of size 18x15, it is decomposed from a wide multipler into 4 DSP blocks.
Related violations: <none>

SYNTH-10#9 Warning
Wide multiplier  
Detected multiplier at pm_top_mux_inst/theshold_calculator_inst/r_threshold_value0 of size 23x18, it is decomposed from a wide multipler into 10 DSP blocks.
Related violations: <none>

SYNTH-10#10 Warning
Wide multiplier  
Detected multiplier at pm_top_mux_inst/theshold_calculator_inst/r_threshold_value0__0 of size 18x18, it is decomposed from a wide multipler into 10 DSP blocks.
Related violations: <none>

SYNTH-10#11 Warning
Wide multiplier  
Detected multiplier at pm_top_mux_inst/theshold_calculator_inst/r_threshold_value0__1 of size 18x18, it is decomposed from a wide multipler into 10 DSP blocks.
Related violations: <none>

SYNTH-10#12 Warning
Wide multiplier  
Detected multiplier at pm_top_mux_inst/theshold_calculator_inst/r_threshold_value0__2 of size 18x18, it is decomposed from a wide multipler into 10 DSP blocks.
Related violations: <none>

SYNTH-10#13 Warning
Wide multiplier  
Detected multiplier at pm_top_mux_inst/theshold_calculator_inst/r_threshold_value0__3 of size 18x18, it is decomposed from a wide multipler into 10 DSP blocks.
Related violations: <none>

SYNTH-10#14 Warning
Wide multiplier  
Detected multiplier at pm_top_mux_inst/theshold_calculator_inst/r_threshold_value1 of size 23x18, it is decomposed from a wide multipler into 6 DSP blocks.
Related violations: <none>

SYNTH-10#15 Warning
Wide multiplier  
Detected multiplier at pm_top_mux_inst/theshold_calculator_inst/r_threshold_value1__0 of size 23x17, it is decomposed from a wide multipler into 6 DSP blocks.
Related violations: <none>

SYNTH-10#16 Warning
Wide multiplier  
Detected multiplier at pm_top_mux_inst/theshold_calculator_inst/r_threshold_value1__1 of size 18x18, it is decomposed from a wide multipler into 6 DSP blocks.
Related violations: <none>

SYNTH-10#17 Warning
Wide multiplier  
Detected multiplier at pm_top_mux_inst/theshold_calculator_inst/r_threshold_value1__2 of size 18x17, it is decomposed from a wide multipler into 6 DSP blocks.
Related violations: <none>

SYNTH-10#18 Warning
Wide multiplier  
Detected multiplier at pm_top_mux_inst/theshold_calculator_inst/r_threshold_value1__3 of size 18x18, it is decomposed from a wide multipler into 6 DSP blocks.
Related violations: <none>

SYNTH-10#19 Warning
Wide multiplier  
Detected multiplier at pm_top_mux_inst/theshold_calculator_inst/r_threshold_value1__4 of size 18x17, it is decomposed from a wide multipler into 6 DSP blocks.
Related violations: <none>

SYNTH-10#20 Warning
Wide multiplier  
Detected multiplier at pm_top_mux_inst/theshold_calculator_inst/r_threshold_value_reg of size 23x17, it is decomposed from a wide multipler into 10 DSP blocks.
Related violations: <none>

SYNTH-10#21 Warning
Wide multiplier  
Detected multiplier at pm_top_mux_inst/theshold_calculator_inst/r_threshold_value_reg__0 of size 18x17, it is decomposed from a wide multipler into 10 DSP blocks.
Related violations: <none>

SYNTH-10#22 Warning
Wide multiplier  
Detected multiplier at pm_top_mux_inst/theshold_calculator_inst/r_threshold_value_reg__1 of size 18x17, it is decomposed from a wide multipler into 10 DSP blocks.
Related violations: <none>

SYNTH-10#23 Warning
Wide multiplier  
Detected multiplier at pm_top_mux_inst/theshold_calculator_inst/r_threshold_value_reg__2 of size 18x17, it is decomposed from a wide multipler into 10 DSP blocks.
Related violations: <none>

SYNTH-10#24 Warning
Wide multiplier  
Detected multiplier at pm_top_mux_inst/theshold_calculator_inst/r_threshold_value_reg__3 of size 18x17, it is decomposed from a wide multipler into 10 DSP blocks.
Related violations: <none>

TIMING-23#1 Warning
Combinational loop found  
A timing loop has been detected on a combinational path. A timing arc has been disabled between comblock_setup_wrapper_inst/comblock_setup_i/comblock_0/U0/comblock_i/fifo_out_g.fifo_out_i/fifo_empty_o_INST_0/I0 and comblock_setup_wrapper_inst/comblock_setup_i/comblock_0/U0/comblock_i/fifo_out_g.fifo_out_i/fifo_empty_o_INST_0/O to disable the timing loop
Related violations: <none>


