Vivado Simulator v2023.1
Copyright 1986-2022 Xilinx, Inc. All Rights Reserved.
Copyright 2022-2023 Advanced Micro Devices, Inc. All Rights Reserved.
Running: C:/Xilinx/Vivado/2023.1/bin/unwrapped/win64.o/xelab.exe --incr --debug typical --relax --mt 2 -L xil_defaultlib -L xbip_utils_v3_0_10 -L axi_utils_v2_0_6 -L c_reg_fd_v12_0_6 -L xbip_dsp48_wrapper_v3_0_4 -L xbip_pipe_v3_0_6 -L xbip_dsp48_addsub_v3_0_6 -L xbip_addsub_v3_0_6 -L c_addsub_v12_0_15 -L c_mux_bit_v12_0_6 -L c_shift_ram_v12_0_14 -L xbip_bram18k_v3_0_6 -L mult_gen_v12_0_18 -L cmpy_v6_0_21 -L floating_point_v7_0_20 -L xfft_v9_1_9 -L uvm -L xilinx_vip -L unisims_ver -L unimacro_ver -L secureip -L xpm --snapshot fam_detector_top_tb_behav xil_defaultlib.fam_detector_top_tb xil_defaultlib.glbl -log elaborate.log 
Using 2 slave threads.
Starting static elaboration
Pass Through NonSizing Optimizer
WARNING: [VRFC 10-9380] size mismatch in mixed-language port association of VHDL port 's_axis_config_tdata' [C:/Users/gm/Vivado Projects/complete_det_modded_turbo/complete_det_modded_turbo.srcs/sources_1/new/op_first_stage_wrapper.sv:193]
WARNING: [VRFC 10-9380] size mismatch in mixed-language port association of VHDL port 's_axis_config_tdata' [C:/Users/gm/Vivado Projects/complete_det_modded_turbo/complete_det_modded_turbo.srcs/sources_1/new/op_first_stage_wrapper.sv:193]
WARNING: [VRFC 10-9380] size mismatch in mixed-language port association of VHDL port 's_axis_config_tdata' [C:/Users/gm/Vivado Projects/complete_det_modded_turbo/complete_det_modded_turbo.srcs/sources_1/new/op_first_stage_wrapper.sv:193]
WARNING: [VRFC 10-9380] size mismatch in mixed-language port association of VHDL port 's_axis_config_tdata' [C:/Users/gm/Vivado Projects/complete_det_modded_turbo/complete_det_modded_turbo.srcs/sources_1/new/op_first_stage_wrapper.sv:193]
WARNING: [VRFC 10-9380] size mismatch in mixed-language port association of VHDL port 's_axis_config_tdata' [C:/Users/gm/Vivado Projects/complete_det_modded_turbo/complete_det_modded_turbo.srcs/sources_1/new/second_stage_wrapper.sv:412]
WARNING: [VRFC 10-9380] size mismatch in mixed-language port association of VHDL port 's_axis_config_tdata' [C:/Users/gm/Vivado Projects/complete_det_modded_turbo/complete_det_modded_turbo.srcs/sources_1/new/second_stage_wrapper.sv:412]
WARNING: [VRFC 10-9380] size mismatch in mixed-language port association of VHDL port 's_axis_config_tdata' [C:/Users/gm/Vivado Projects/complete_det_modded_turbo/complete_det_modded_turbo.srcs/sources_1/new/second_stage_wrapper.sv:412]
WARNING: [VRFC 10-9380] size mismatch in mixed-language port association of VHDL port 's_axis_config_tdata' [C:/Users/gm/Vivado Projects/complete_det_modded_turbo/complete_det_modded_turbo.srcs/sources_1/new/second_stage_wrapper.sv:412]
Completed static elaboration
Starting simulation data flow analysis
WARNING: [XSIM 43-4099] "C:/Users/gm/Vivado Projects/complete_det_modded_turbo/complete_det_modded_turbo.srcs/sources_1/new/fam_detector_top.sv" Line 1. Module fam_detector_top_default doesn't have a timescale but at least one module in design has a timescale.
WARNING: [XSIM 43-4099] "C:/Users/gm/Vivado Projects/complete_det_modded_turbo/complete_det_modded_turbo.srcs/sources_1/new/threshold_calculator.sv" Line 1. Module threshold_calculator_default doesn't have a timescale but at least one module in design has a timescale.
WARNING: [XSIM 43-4099] "C:/Users/gm/Vivado Projects/complete_det_modded_turbo/complete_det_modded_turbo.srcs/sources_1/new/threshold_rom.sv" Line 1. Module threshold_rom_default doesn't have a timescale but at least one module in design has a timescale.
WARNING: [XSIM 43-4099] "C:/Users/gm/Vivado Projects/complete_det_modded_turbo/complete_det_modded_turbo.srcs/sources_1/new/noise_calc.sv" Line 1. Module noise_calc(NB_OUT=34) doesn't have a timescale but at least one module in design has a timescale.
WARNING: [XSIM 43-4099] "C:/Users/gm/Vivado Projects/complete_det_modded_turbo/complete_det_modded_turbo.srcs/sources_1/new/squarediffmacc_mod.sv" Line 1. Module squarediffmacc_mod(OUT_WIDTH=34,N_SAMPLES=1024) doesn't have a timescale but at least one module in design has a timescale.
WARNING: [XSIM 43-4099] "C:/Users/gm/Vivado Projects/complete_det_modded_turbo/complete_det_modded_turbo.srcs/sources_1/new/op_first_stage_wrapper.sv" Line 1. Module first_stage_wrapper_default doesn't have a timescale but at least one module in design has a timescale.
WARNING: [XSIM 43-4099] "C:/Users/gm/Vivado Projects/complete_det_modded_turbo/complete_det_modded_turbo.srcs/sources_1/new/op_input_window_pipelined.sv" Line 1. Module input_window_pipelined_default doesn't have a timescale but at least one module in design has a timescale.
WARNING: [XSIM 43-4099] "C:/Users/gm/Vivado Projects/complete_det_modded_turbo/complete_det_modded_turbo.srcs/sources_1/new/op_input_window_pipelined.sv" Line 1. Module input_window_pipelined_default doesn't have a timescale but at least one module in design has a timescale.
WARNING: [XSIM 43-4099] "C:/Users/gm/Vivado Projects/complete_det_modded_turbo/complete_det_modded_turbo.srcs/sources_1/new/op_first_stage_fsmd.sv" Line 1. Module first_stage_fsmd_4fft_no_ram_default doesn't have a timescale but at least one module in design has a timescale.
WARNING: [XSIM 43-4099] "C:/Users/gm/Vivado Projects/complete_det_modded_turbo/complete_det_modded_turbo.srcs/sources_1/new/second_stage_wrapper.sv" Line 1. Module second_stage_wrapper_default doesn't have a timescale but at least one module in design has a timescale.
WARNING: [XSIM 43-4099] "C:/Users/gm/Vivado Projects/complete_det_modded_turbo/complete_det_modded_turbo.srcs/sources_1/new/second_stage_controller.sv" Line 1. Module second_stage_controller(PAIR_COUNT=496) doesn't have a timescale but at least one module in design has a timescale.
WARNING: [XSIM 43-4099] "C:/Users/gm/Vivado Projects/complete_det_modded_turbo/complete_det_modded_turbo.srcs/sources_1/new/phase_corrector_4lane.sv" Line 1. Module phase_corrector_4lane_default doesn't have a timescale but at least one module in design has a timescale.
WARNING: [XSIM 43-4099] "C:/Users/gm/Vivado Projects/complete_det_modded_turbo/complete_det_modded_turbo.srcs/sources_1/new/phase_corrector_stream.sv" Line 1. Module phase_corrector_stream_default doesn't have a timescale but at least one module in design has a timescale.
WARNING: [XSIM 43-4099] "C:/Users/gm/Vivado Projects/complete_det_modded_turbo/complete_det_modded_turbo.srcs/sources_1/new/phase_corrector_stream.sv" Line 1. Module phase_corrector_stream(FFT_ID=1) doesn't have a timescale but at least one module in design has a timescale.
WARNING: [XSIM 43-4099] "C:/Users/gm/Vivado Projects/complete_det_modded_turbo/complete_det_modded_turbo.srcs/sources_1/new/phase_corrector_stream.sv" Line 1. Module phase_corrector_stream(FFT_ID=2) doesn't have a timescale but at least one module in design has a timescale.
WARNING: [XSIM 43-4099] "C:/Users/gm/Vivado Projects/complete_det_modded_turbo/complete_det_modded_turbo.srcs/sources_1/new/phase_corrector_stream.sv" Line 1. Module phase_corrector_stream(FFT_ID=3) doesn't have a timescale but at least one module in design has a timescale.
WARNING: [XSIM 43-4099] "C:/Users/gm/Vivado Projects/complete_det_modded_turbo/complete_det_modded_turbo.srcs/sources_1/new/scd_fft1_store_banked.sv" Line 1. Module scd_fft1_store_banked_default doesn't have a timescale but at least one module in design has a timescale.
WARNING: [XSIM 43-4099] "C:/Users/gm/Vivado Projects/complete_det_modded_turbo/complete_det_modded_turbo.srcs/sources_1/new/scd_fft1_bank_tdp_ram.sv" Line 1. Module scd_fft1_bank_tdp_ram(ADDR_WIDTH=10) doesn't have a timescale but at least one module in design has a timescale.
WARNING: [XSIM 43-4099] "C:/Users/gm/Vivado Projects/complete_det_modded_turbo/complete_det_modded_turbo.srcs/sources_1/new/scd_fft1_bank_tdp_ram.sv" Line 1. Module scd_fft1_bank_tdp_ram(ADDR_WIDTH=10) doesn't have a timescale but at least one module in design has a timescale.
WARNING: [XSIM 43-4099] "C:/Users/gm/Vivado Projects/complete_det_modded_turbo/complete_det_modded_turbo.srcs/sources_1/new/scd_fft1_bank_tdp_ram.sv" Line 1. Module scd_fft1_bank_tdp_ram(ADDR_WIDTH=10) doesn't have a timescale but at least one module in design has a timescale.
WARNING: [XSIM 43-4099] "C:/Users/gm/Vivado Projects/complete_det_modded_turbo/complete_det_modded_turbo.srcs/sources_1/new/scd_fft1_bank_tdp_ram.sv" Line 1. Module scd_fft1_bank_tdp_ram(ADDR_WIDTH=10) doesn't have a timescale but at least one module in design has a timescale.
WARNING: [XSIM 43-4099] "C:/Users/gm/Vivado Projects/complete_det_modded_turbo/complete_det_modded_turbo.srcs/sources_1/new/scd_pair_streamer_parallel.sv" Line 1. Module scd_pair_streamer_parallel_default doesn't have a timescale but at least one module in design has a timescale.
WARNING: [XSIM 43-4099] "C:/Users/gm/Vivado Projects/complete_det_modded_turbo/complete_det_modded_turbo.srcs/sources_1/new/cmult2_resize_parallel.sv" Line 1. Module cmult2_resize_parallel doesn't have a timescale but at least one module in design has a timescale.
WARNING: [XSIM 43-4099] "C:/Users/gm/Vivado Projects/complete_det_modded_turbo/complete_det_modded_turbo.srcs/sources_1/new/fft2_config_parallel.sv" Line 1. Module fft2_config_parallel doesn't have a timescale but at least one module in design has a timescale.
WARNING: [XSIM 43-4099] "C:/Users/gm/Vivado Projects/complete_det_modded_turbo/complete_det_modded_turbo.srcs/sources_1/new/fft2_bin_filter_parallel.sv" Line 1. Module fft2_bin_filter_parallel(IDX_WIDTH=7,Q_WIDTH=9) doesn't have a timescale but at least one module in design has a timescale.
WARNING: [XSIM 43-4099] "C:/Users/gm/Vivado Projects/complete_det_modded_turbo/complete_det_modded_turbo.srcs/sources_1/new/detection_compare_parallel.sv" Line 1. Module detection_compare_parallel(DATA_WIDTH=64,POWER_WIDTH=65) doesn't have a timescale but at least one module in design has a timescale.
WARNING: [XSIM 43-4099] "C:/Users/gm/Vivado Projects/complete_det_modded_turbo/complete_det_modded_turbo.srcs/sources_1/new/fam_detector_top.sv" Line 1. Module fam_detector_top_default doesn't have a timescale but at least one module in design has a timescale.
WARNING: [XSIM 43-4099] "C:/Users/gm/Vivado Projects/complete_det_modded_turbo/complete_det_modded_turbo.srcs/sources_1/new/threshold_calculator.sv" Line 1. Module threshold_calculator_default doesn't have a timescale but at least one module in design has a timescale.
WARNING: [XSIM 43-4099] "C:/Users/gm/Vivado Projects/complete_det_modded_turbo/complete_det_modded_turbo.srcs/sources_1/new/threshold_rom.sv" Line 1. Module threshold_rom_default doesn't have a timescale but at least one module in design has a timescale.
WARNING: [XSIM 43-4099] "C:/Users/gm/Vivado Projects/complete_det_modded_turbo/complete_det_modded_turbo.srcs/sources_1/new/noise_calc.sv" Line 1. Module noise_calc(NB_OUT=34) doesn't have a timescale but at least one module in design has a timescale.
WARNING: [XSIM 43-4099] "C:/Users/gm/Vivado Projects/complete_det_modded_turbo/complete_det_modded_turbo.srcs/sources_1/new/squarediffmacc_mod.sv" Line 1. Module squarediffmacc_mod(OUT_WIDTH=34,N_SAMPLES=1024) doesn't have a timescale but at least one module in design has a timescale.
WARNING: [XSIM 43-4099] "C:/Users/gm/Vivado Projects/complete_det_modded_turbo/complete_det_modded_turbo.srcs/sources_1/new/op_first_stage_wrapper.sv" Line 1. Module first_stage_wrapper_default doesn't have a timescale but at least one module in design has a timescale.
WARNING: [XSIM 43-4099] "C:/Users/gm/Vivado Projects/complete_det_modded_turbo/complete_det_modded_turbo.srcs/sources_1/new/op_input_window_pipelined.sv" Line 1. Module input_window_pipelined_default doesn't have a timescale but at least one module in design has a timescale.
WARNING: [XSIM 43-4099] "C:/Users/gm/Vivado Projects/complete_det_modded_turbo/complete_det_modded_turbo.srcs/sources_1/new/op_input_window_pipelined.sv" Line 1. Module input_window_pipelined_default doesn't have a timescale but at least one module in design has a timescale.
WARNING: [XSIM 43-4099] "C:/Users/gm/Vivado Projects/complete_det_modded_turbo/complete_det_modded_turbo.srcs/sources_1/new/op_first_stage_fsmd.sv" Line 1. Module first_stage_fsmd_4fft_no_ram_default doesn't have a timescale but at least one module in design has a timescale.
WARNING: [XSIM 43-4099] "C:/Users/gm/Vivado Projects/complete_det_modded_turbo/complete_det_modded_turbo.srcs/sources_1/new/second_stage_wrapper.sv" Line 1. Module second_stage_wrapper_default doesn't have a timescale but at least one module in design has a timescale.
WARNING: [XSIM 43-4099] "C:/Users/gm/Vivado Projects/complete_det_modded_turbo/complete_det_modded_turbo.srcs/sources_1/new/second_stage_controller.sv" Line 1. Module second_stage_controller(PAIR_COUNT=496) doesn't have a timescale but at least one module in design has a timescale.
WARNING: [XSIM 43-4099] "C:/Users/gm/Vivado Projects/complete_det_modded_turbo/complete_det_modded_turbo.srcs/sources_1/new/phase_corrector_4lane.sv" Line 1. Module phase_corrector_4lane_default doesn't have a timescale but at least one module in design has a timescale.
WARNING: [XSIM 43-4099] "C:/Users/gm/Vivado Projects/complete_det_modded_turbo/complete_det_modded_turbo.srcs/sources_1/new/phase_corrector_stream.sv" Line 1. Module phase_corrector_stream_default doesn't have a timescale but at least one module in design has a timescale.
WARNING: [XSIM 43-4099] "C:/Users/gm/Vivado Projects/complete_det_modded_turbo/complete_det_modded_turbo.srcs/sources_1/new/phase_corrector_stream.sv" Line 1. Module phase_corrector_stream(FFT_ID=1) doesn't have a timescale but at least one module in design has a timescale.
WARNING: [XSIM 43-4099] "C:/Users/gm/Vivado Projects/complete_det_modded_turbo/complete_det_modded_turbo.srcs/sources_1/new/phase_corrector_stream.sv" Line 1. Module phase_corrector_stream(FFT_ID=2) doesn't have a timescale but at least one module in design has a timescale.
WARNING: [XSIM 43-4099] "C:/Users/gm/Vivado Projects/complete_det_modded_turbo/complete_det_modded_turbo.srcs/sources_1/new/phase_corrector_stream.sv" Line 1. Module phase_corrector_stream(FFT_ID=3) doesn't have a timescale but at least one module in design has a timescale.
WARNING: [XSIM 43-4099] "C:/Users/gm/Vivado Projects/complete_det_modded_turbo/complete_det_modded_turbo.srcs/sources_1/new/scd_fft1_store_banked.sv" Line 1. Module scd_fft1_store_banked_default doesn't have a timescale but at least one module in design has a timescale.
WARNING: [XSIM 43-4099] "C:/Users/gm/Vivado Projects/complete_det_modded_turbo/complete_det_modded_turbo.srcs/sources_1/new/scd_fft1_bank_tdp_ram.sv" Line 1. Module scd_fft1_bank_tdp_ram(ADDR_WIDTH=10) doesn't have a timescale but at least one module in design has a timescale.
WARNING: [XSIM 43-4099] "C:/Users/gm/Vivado Projects/complete_det_modded_turbo/complete_det_modded_turbo.srcs/sources_1/new/scd_fft1_bank_tdp_ram.sv" Line 1. Module scd_fft1_bank_tdp_ram(ADDR_WIDTH=10) doesn't have a timescale but at least one module in design has a timescale.
WARNING: [XSIM 43-4099] "C:/Users/gm/Vivado Projects/complete_det_modded_turbo/complete_det_modded_turbo.srcs/sources_1/new/scd_fft1_bank_tdp_ram.sv" Line 1. Module scd_fft1_bank_tdp_ram(ADDR_WIDTH=10) doesn't have a timescale but at least one module in design has a timescale.
WARNING: [XSIM 43-4099] "C:/Users/gm/Vivado Projects/complete_det_modded_turbo/complete_det_modded_turbo.srcs/sources_1/new/scd_fft1_bank_tdp_ram.sv" Line 1. Module scd_fft1_bank_tdp_ram(ADDR_WIDTH=10) doesn't have a timescale but at least one module in design has a timescale.
WARNING: [XSIM 43-4099] "C:/Users/gm/Vivado Projects/complete_det_modded_turbo/complete_det_modded_turbo.srcs/sources_1/new/scd_pair_streamer_parallel.sv" Line 1. Module scd_pair_streamer_parallel_default doesn't have a timescale but at least one module in design has a timescale.
WARNING: [XSIM 43-4099] "C:/Users/gm/Vivado Projects/complete_det_modded_turbo/complete_det_modded_turbo.srcs/sources_1/new/cmult2_resize_parallel.sv" Line 1. Module cmult2_resize_parallel doesn't have a timescale but at least one module in design has a timescale.
WARNING: [XSIM 43-4099] "C:/Users/gm/Vivado Projects/complete_det_modded_turbo/complete_det_modded_turbo.srcs/sources_1/new/fft2_config_parallel.sv" Line 1. Module fft2_config_parallel doesn't have a timescale but at least one module in design has a timescale.
WARNING: [XSIM 43-4099] "C:/Users/gm/Vivado Projects/complete_det_modded_turbo/complete_det_modded_turbo.srcs/sources_1/new/fft2_bin_filter_parallel.sv" Line 1. Module fft2_bin_filter_parallel(IDX_WIDTH=7,Q_WIDTH=9) doesn't have a timescale but at least one module in design has a timescale.
WARNING: [XSIM 43-4099] "C:/Users/gm/Vivado Projects/complete_det_modded_turbo/complete_det_modded_turbo.srcs/sources_1/new/detection_compare_parallel.sv" Line 1. Module detection_compare_parallel(DATA_WIDTH=64,POWER_WIDTH=65) doesn't have a timescale but at least one module in design has a timescale.
Completed simulation data flow analysis
Time Resolution for simulation is 1ps
Compiling package std.standard
Compiling package std.textio
Compiling package ieee.std_logic_1164
Compiling package ieee.numeric_std
Compiling package xbip_utils_v3_0_10.xbip_utils_v3_0_10_pkg
Compiling package xfft_v9_1_9.xfft_v9_1_9_viv_comp
Compiling package ieee.std_logic_arith
Compiling package ieee.std_logic_unsigned
Compiling package ieee.math_real
Compiling package axi_utils_v2_0_6.axi_utils_v2_0_6_pkg
Compiling package mult_gen_v12_0_18.mult_gen_v12_0_18_pkg
Compiling package ieee.std_logic_signed
Compiling package cmpy_v6_0_21.cmpy_v6_0_21_pkg
Compiling package floating_point_v7_0_20.floating_point_v7_0_20_consts
Compiling package floating_point_v7_0_20.floating_point_v7_0_20_exp_table...
Compiling package floating_point_v7_0_20.floating_point_v7_0_20_pkg
Compiling package xfft_v9_1_9.pkg
Compiling package xfft_v9_1_9.xfft_v9_1_9_axi_pkg
Compiling package unisim.vcomponents
Compiling package xbip_pipe_v3_0_6.xbip_pipe_v3_0_6_viv_comp
Compiling package xbip_addsub_v3_0_6.xbip_addsub_v3_0_6_viv_comp
Compiling package c_addsub_v12_0_15.c_addsub_v12_0_15_pkg
Compiling package c_addsub_v12_0_15.c_addsub_v12_0_15_pkg_legacy
Compiling package c_reg_fd_v12_0_6.c_reg_fd_v12_0_6_viv_comp
Compiling package ieee.vital_timing
Compiling package ieee.vital_primitives
Compiling package unisim.vpkg
Compiling package c_shift_ram_v12_0_14.c_shift_ram_v12_0_14_pkg
Compiling package c_mux_bit_v12_0_6.c_mux_bit_v12_0_6_viv_comp
Compiling package xfft_v9_1_9.quarter_sin_tw_table
Compiling package xfft_v9_1_9.quarter2_sin_tw_table
Compiling package mult_gen_v12_0_18.dsp_pkg
Compiling package xpm.vcomponents
Compiling package ieee.std_logic_textio
Compiling package cmpy_v6_0_21.cmpy_v6_0_21_viv_comp
Compiling module xil_defaultlib.threshold_rom_default
Compiling module xil_defaultlib.squarediffmacc_mod(OUT_WIDTH=34,...
Compiling module xil_defaultlib.noise_calc(NB_OUT=34)
Compiling module xil_defaultlib.threshold_calculator_default
Compiling module xil_defaultlib.input_window_pipelined_default
Compiling module xil_defaultlib.first_stage_fsmd_4fft_no_ram_def...
Compiling architecture synth of entity xfft_v9_1_9.axi_wrapper_input_fifo [\axi_wrapper_input_fifo(c_fifo_w...]
Compiling architecture synth of entity xfft_v9_1_9.axi_wrapper_input_fifo [\axi_wrapper_input_fifo(c_fifo_w...]
Compiling architecture synth of entity xfft_v9_1_9.axi_wrapper_output_fifo [\axi_wrapper_output_fifo(c_fifo_...]
Compiling architecture synth of entity xfft_v9_1_9.axi_wrapper [\axi_wrapper(c_nfft_max=5,c_arch...]
Compiling architecture xilinx of entity xfft_v9_1_9.equ_rtl [\equ_rtl(c_xdevicefamily="zynq",...]
Compiling architecture xilinx of entity xfft_v9_1_9.r22_cnt_ctrl [\r22_cnt_ctrl(c_xdevicefamily="z...]
Compiling architecture xilinx of entity xfft_v9_1_9.r22_cnt_ctrl [\r22_cnt_ctrl(c_xdevicefamily="z...]
Compiling architecture struct of entity c_shift_ram_v12_0_14.c_shift_ram_v12_0_14_legacy [\c_shift_ram_v12_0_14_legacy(c_x...]
Compiling architecture synth of entity c_shift_ram_v12_0_14.c_shift_ram_v12_0_14_viv [\c_shift_ram_v12_0_14_viv(c_xdev...]
Compiling architecture xilinx of entity xfft_v9_1_9.shift_ram [\shift_ram(c_xdevicefamily="zynq...]
Compiling architecture struct of entity c_shift_ram_v12_0_14.c_shift_ram_v12_0_14_legacy [\c_shift_ram_v12_0_14_legacy(c_x...]
Compiling architecture synth of entity c_shift_ram_v12_0_14.c_shift_ram_v12_0_14_viv [\c_shift_ram_v12_0_14_viv(c_xdev...]
Compiling architecture xilinx of entity xfft_v9_1_9.shift_ram [\shift_ram(c_xdevicefamily="zynq...]
Compiling architecture fd_v of entity unisim.FD [fd_default]
Compiling architecture struct of entity c_shift_ram_v12_0_14.c_shift_ram_v12_0_14_legacy [\c_shift_ram_v12_0_14_legacy(c_x...]
Compiling architecture synth of entity c_shift_ram_v12_0_14.c_shift_ram_v12_0_14_viv [\c_shift_ram_v12_0_14_viv(c_xdev...]
Compiling architecture xilinx of entity xfft_v9_1_9.shift_ram [\shift_ram(c_xdevicefamily="zynq...]
Compiling architecture struct of entity c_shift_ram_v12_0_14.c_shift_ram_v12_0_14_legacy [\c_shift_ram_v12_0_14_legacy(c_x...]
Compiling architecture synth of entity c_shift_ram_v12_0_14.c_shift_ram_v12_0_14_viv [\c_shift_ram_v12_0_14_viv(c_xdev...]
Compiling architecture xilinx of entity xfft_v9_1_9.shift_ram [\shift_ram(c_xdevicefamily="zynq...]
Compiling architecture fde_v of entity unisim.FDE [fde_default]
Compiling architecture struct of entity c_shift_ram_v12_0_14.c_shift_ram_v12_0_14_legacy [\c_shift_ram_v12_0_14_legacy(c_x...]
Compiling architecture synth of entity c_shift_ram_v12_0_14.c_shift_ram_v12_0_14_viv [\c_shift_ram_v12_0_14_viv(c_xdev...]
Compiling architecture xilinx of entity xfft_v9_1_9.shift_ram [\shift_ram(c_xdevicefamily="zynq...]
Compiling architecture struct of entity c_shift_ram_v12_0_14.c_shift_ram_v12_0_14_legacy [\c_shift_ram_v12_0_14_legacy(c_x...]
Compiling architecture synth of entity c_shift_ram_v12_0_14.c_shift_ram_v12_0_14_viv [\c_shift_ram_v12_0_14_viv(c_xdev...]
Compiling architecture xilinx of entity xfft_v9_1_9.shift_ram [\shift_ram(c_xdevicefamily="zynq...]
Compiling architecture struct of entity c_shift_ram_v12_0_14.c_shift_ram_v12_0_14_legacy [\c_shift_ram_v12_0_14_legacy(c_x...]
Compiling architecture synth of entity c_shift_ram_v12_0_14.c_shift_ram_v12_0_14_viv [\c_shift_ram_v12_0_14_viv(c_xdev...]
Compiling architecture xilinx of entity xfft_v9_1_9.shift_ram [\shift_ram(c_xdevicefamily="zynq...]
Compiling architecture xilinx of entity xfft_v9_1_9.shift_ram [\shift_ram(c_xdevicefamily="zynq...]
Compiling architecture structural of entity c_reg_fd_v12_0_6.c_reg_fd_v12_0_6_viv [\c_reg_fd_v12_0_6_viv(c_width=17...]
Compiling architecture rtl of entity c_addsub_v12_0_15.c_addsub_v12_0_15_lut6_legacy [\c_addsub_v12_0_15_lut6_legacy(c...]
Compiling architecture synth of entity c_addsub_v12_0_15.c_addsub_v12_0_15_fabric_legacy [\c_addsub_v12_0_15_fabric_legacy...]
Compiling architecture synth of entity c_addsub_v12_0_15.c_addsub_v12_0_15_legacy [\c_addsub_v12_0_15_legacy(c_fami...]
Compiling architecture synth of entity c_addsub_v12_0_15.c_addsub_v12_0_15_viv [\c_addsub_v12_0_15_viv(c_xdevice...]
Compiling architecture xilinx of entity xfft_v9_1_9.adder [\adder(c_xdevicefamily="zynq",c_...]
Compiling architecture xilinx of entity xfft_v9_1_9.shift_ram [\shift_ram(c_xdevicefamily="zynq...]
Compiling architecture struct of entity c_shift_ram_v12_0_14.c_shift_ram_v12_0_14_legacy [\c_shift_ram_v12_0_14_legacy(c_x...]
Compiling architecture synth of entity c_shift_ram_v12_0_14.c_shift_ram_v12_0_14_viv [\c_shift_ram_v12_0_14_viv(c_xdev...]
Compiling architecture xilinx of entity xfft_v9_1_9.shift_ram [\shift_ram(c_xdevicefamily="zynq...]
Compiling architecture xilinx of entity xfft_v9_1_9.shift_ram [\shift_ram(c_xdevicefamily="zynq...]
Compiling architecture lut3_v of entity unisim.LUT3 [\LUT3(init="11001010")(0,7)\]
Compiling architecture xilinx of entity xfft_v9_1_9.mux_bus2 [\mux_bus2(c_xdevicefamily="zynq"...]
Compiling architecture xilinx of entity xfft_v9_1_9.shift_ram [\shift_ram(c_xdevicefamily="zynq...]
Compiling architecture xilinx of entity xfft_v9_1_9.mux_bus2 [\mux_bus2(c_xdevicefamily="zynq"...]
Compiling architecture xilinx of entity xfft_v9_1_9.r22_bf_sp [\r22_bf_sp(c_xdevicefamily="zynq...]
Compiling architecture synth of entity xfft_v9_1_9.r22_twos_comp_mux [\r22_twos_comp_mux(c_xdevicefami...]
Compiling architecture synth of entity xfft_v9_1_9.r22_twos_comp_mux [\r22_twos_comp_mux(c_xdevicefami...]
Compiling architecture structural of entity c_reg_fd_v12_0_6.c_reg_fd_v12_0_6_viv [\c_reg_fd_v12_0_6_viv(c_width=18...]
Compiling architecture rtl of entity c_addsub_v12_0_15.c_addsub_v12_0_15_lut6_legacy [\c_addsub_v12_0_15_lut6_legacy(c...]
Compiling architecture synth of entity c_addsub_v12_0_15.c_addsub_v12_0_15_fabric_legacy [\c_addsub_v12_0_15_fabric_legacy...]
Compiling architecture synth of entity c_addsub_v12_0_15.c_addsub_v12_0_15_legacy [\c_addsub_v12_0_15_legacy(c_fami...]
Compiling architecture synth of entity c_addsub_v12_0_15.c_addsub_v12_0_15_viv [\c_addsub_v12_0_15_viv(c_xdevice...]
Compiling architecture xilinx of entity xfft_v9_1_9.adder [\adder(c_xdevicefamily="zynq",c_...]
Compiling architecture struct of entity c_shift_ram_v12_0_14.c_shift_ram_v12_0_14_legacy [\c_shift_ram_v12_0_14_legacy(c_x...]
Compiling architecture synth of entity c_shift_ram_v12_0_14.c_shift_ram_v12_0_14_viv [\c_shift_ram_v12_0_14_viv(c_xdev...]
Compiling architecture xilinx of entity xfft_v9_1_9.shift_ram [\shift_ram(c_xdevicefamily="zynq...]
Compiling architecture struct of entity c_shift_ram_v12_0_14.c_shift_ram_v12_0_14_legacy [\c_shift_ram_v12_0_14_legacy(c_x...]
Compiling architecture synth of entity c_shift_ram_v12_0_14.c_shift_ram_v12_0_14_viv [\c_shift_ram_v12_0_14_viv(c_xdev...]
Compiling architecture xilinx of entity xfft_v9_1_9.shift_ram [\shift_ram(c_xdevicefamily="zynq...]
Compiling architecture xilinx of entity xfft_v9_1_9.shift_ram [\shift_ram(c_xdevicefamily="zynq...]
Compiling architecture xilinx of entity xfft_v9_1_9.mux_bus2 [\mux_bus2(c_xdevicefamily="zynq"...]
Compiling architecture xilinx of entity xfft_v9_1_9.r22_bf_sp [\r22_bf_sp(c_xdevicefamily="zynq...]
Compiling architecture struct of entity c_shift_ram_v12_0_14.c_shift_ram_v12_0_14_legacy [\c_shift_ram_v12_0_14_legacy(c_x...]
Compiling architecture synth of entity c_shift_ram_v12_0_14.c_shift_ram_v12_0_14_viv [\c_shift_ram_v12_0_14_viv(c_xdev...]
Compiling architecture xilinx of entity xfft_v9_1_9.shift_ram [\shift_ram(c_xdevicefamily="zynq...]
Compiling architecture struct of entity c_shift_ram_v12_0_14.c_shift_ram_v12_0_14_legacy [\c_shift_ram_v12_0_14_legacy(c_x...]
Compiling architecture synth of entity c_shift_ram_v12_0_14.c_shift_ram_v12_0_14_viv [\c_shift_ram_v12_0_14_viv(c_xdev...]
Compiling architecture xilinx of entity xfft_v9_1_9.shift_ram [\shift_ram(c_xdevicefamily="zynq...]
Compiling architecture structural of entity c_reg_fd_v12_0_6.c_reg_fd_v12_0_6_viv [\c_reg_fd_v12_0_6_viv(c_width=5,...]
Compiling architecture rtl of entity c_addsub_v12_0_15.c_addsub_v12_0_15_lut6_legacy [\c_addsub_v12_0_15_lut6_legacy(c...]
Compiling architecture synth of entity c_addsub_v12_0_15.c_addsub_v12_0_15_fabric_legacy [\c_addsub_v12_0_15_fabric_legacy...]
Compiling architecture synth of entity c_addsub_v12_0_15.c_addsub_v12_0_15_legacy [\c_addsub_v12_0_15_legacy(c_fami...]
Compiling architecture synth of entity c_addsub_v12_0_15.c_addsub_v12_0_15_viv [\c_addsub_v12_0_15_viv(c_xdevice...]
Compiling architecture xilinx of entity xfft_v9_1_9.adder [\adder(c_xdevicefamily="zynq",c_...]
Compiling architecture lut6_v of entity unisim.LUT6 [\LUT6(init="11111111000000001111...]
Compiling architecture xilinx of entity xfft_v9_1_9.mux_bus4 [\mux_bus4(c_xdevicefamily="zynq"...]
Compiling architecture xilinx of entity xfft_v9_1_9.shift_ram [\shift_ram(c_xdevicefamily="zynq...]
Compiling architecture xilinx of entity xfft_v9_1_9.twgen_distmem [\twgen_distmem(theta_width=4,pip...]
Compiling architecture xilinx of entity xfft_v9_1_9.twiddle_gen [\twiddle_gen(c_xdevicefamily="zy...]
Compiling architecture xilinx of entity xfft_v9_1_9.r22_tw_gen [\r22_tw_gen(c_xdevicefamily="zyn...]
Compiling architecture xilinx of entity cmpy_v6_0_21.delay_line [\delay_line(c_xdevicefamily="zyn...]
Compiling architecture xilinx of entity cmpy_v6_0_21.delay_line [\delay_line(c_xdevicefamily="zyn...]
Compiling architecture xilinx of entity mult_gen_v12_0_18.delay_line [\delay_line(c_xdevicefamily="zyn...]
Compiling architecture xilinx of entity mult_gen_v12_0_18.delay_line [\delay_line(c_xdevicefamily="zyn...]
Compiling architecture dsp48e1_v of entity unisim.DSP48E1 [\DSP48E1(acascreg=2,alumodereg=0...]
Compiling architecture xilinx of entity mult_gen_v12_0_18.delay_line [\delay_line(c_xdevicefamily="zyn...]
Compiling architecture xilinx of entity mult_gen_v12_0_18.op_resize [\op_resize(ai_width=18,bi_width=...]
Compiling architecture xilinx of entity mult_gen_v12_0_18.dsp [\dsp(c_xdevicefamily="zynq",c_a_...]
Compiling architecture xilinx of entity cmpy_v6_0_21.cmpy_3_dsp48_mult [\cmpy_3_dsp48_mult(c_xdevicefami...]
Compiling architecture xilinx of entity mult_gen_v12_0_18.delay_line [\delay_line(c_xdevicefamily="zyn...]
Compiling architecture xilinx of entity mult_gen_v12_0_18.delay_line [\delay_line(c_xdevicefamily="zyn...]
Compiling architecture dsp48e1_v of entity unisim.DSP48E1 [\DSP48E1(alumodereg=0,bcascreg=2...]
Compiling architecture xilinx of entity mult_gen_v12_0_18.op_resize [\op_resize(ai_width=19,bi_width=...]
Compiling architecture xilinx of entity mult_gen_v12_0_18.dsp [\dsp(c_xdevicefamily="zynq",c_a_...]
Compiling architecture xilinx of entity cmpy_v6_0_21.cmpy_3_dsp48_mult [\cmpy_3_dsp48_mult(c_xdevicefami...]
Compiling architecture xilinx of entity mult_gen_v12_0_18.dsp [\dsp(c_xdevicefamily="zynq",c_a_...]
Compiling architecture xilinx of entity cmpy_v6_0_21.cmpy_3_dsp48_mult [\cmpy_3_dsp48_mult(c_xdevicefami...]
Compiling architecture xilinx of entity cmpy_v6_0_21.input_negation [\input_negation(c_xdevicefamily=...]
Compiling architecture xilinx of entity cmpy_v6_0_21.delay_line [\delay_line(c_xdevicefamily="zyn...]
Compiling architecture xilinx of entity cmpy_v6_0_21.delay_line [\delay_line(c_xdevicefamily="zyn...]
Compiling architecture xilinx of entity cmpy_v6_0_21.cmpy_3_dsp48 [\cmpy_3_dsp48(c_xdevicefamily="z...]
Compiling architecture xilinx of entity cmpy_v6_0_21.cmpy_v6_0_21_synth [\cmpy_v6_0_21_synth(c_xdevicefam...]
Compiling architecture xilinx of entity xfft_v9_1_9.cmpy [\cmpy(c_xdevicefamily="zynq",a_w...]
Compiling architecture xilinx of entity xfft_v9_1_9.mux_bus4 [\mux_bus4(c_xdevicefamily="zynq"...]
Compiling architecture xilinx of entity xfft_v9_1_9.arith_shift3 [\arith_shift3(c_xdevicefamily="z...]
Compiling architecture lut6_v of entity unisim.LUT6 [\LUT6(init="00000000000000000000...]
Compiling architecture xilinx of entity xfft_v9_1_9.logic_gate [\logic_gate(c_xdevicefamily="zyn...]
Compiling architecture xilinx of entity xfft_v9_1_9.shift_ram [\shift_ram(c_xdevicefamily="zynq...]
Compiling architecture lut6_v of entity unisim.LUT6 [\LUT6(init="10000000000000000000...]
Compiling architecture xilinx of entity xfft_v9_1_9.logic_gate [\logic_gate(c_xdevicefamily="zyn...]
Compiling architecture rtl of entity c_addsub_v12_0_15.c_addsub_v12_0_15_lut6_legacy [\c_addsub_v12_0_15_lut6_legacy(c...]
Compiling architecture synth of entity c_addsub_v12_0_15.c_addsub_v12_0_15_fabric_legacy [\c_addsub_v12_0_15_fabric_legacy...]
Compiling architecture synth of entity c_addsub_v12_0_15.c_addsub_v12_0_15_legacy [\c_addsub_v12_0_15_legacy(c_fami...]
Compiling architecture synth of entity c_addsub_v12_0_15.c_addsub_v12_0_15_viv [\c_addsub_v12_0_15_viv(c_xdevice...]
Compiling architecture xilinx of entity xfft_v9_1_9.unbiased_round [\unbiased_round(c_xdevicefamily=...]
Compiling architecture struct of entity c_shift_ram_v12_0_14.c_shift_ram_v12_0_14_legacy [\c_shift_ram_v12_0_14_legacy(c_x...]
Compiling architecture synth of entity c_shift_ram_v12_0_14.c_shift_ram_v12_0_14_viv [\c_shift_ram_v12_0_14_viv(c_xdev...]
Compiling architecture xilinx of entity xfft_v9_1_9.shift_ram [\shift_ram(c_xdevicefamily="zynq...]
Compiling architecture xilinx of entity xfft_v9_1_9.shift_ram [\shift_ram(c_xdevicefamily="zynq...]
Compiling architecture xilinx of entity xfft_v9_1_9.r22_pe [\r22_pe(c_xdevicefamily="zynq",c...]
Compiling architecture synth of entity xfft_v9_1_9.srl_fifo [\srl_fifo(c_width=1)\]
Compiling architecture xilinx of entity xfft_v9_1_9.r22_cnt_ctrl [\r22_cnt_ctrl(c_xdevicefamily="z...]
Compiling architecture xilinx of entity xfft_v9_1_9.r22_cnt_ctrl [\r22_cnt_ctrl(c_xdevicefamily="z...]
Compiling architecture struct of entity c_shift_ram_v12_0_14.c_shift_ram_v12_0_14_legacy [\c_shift_ram_v12_0_14_legacy(c_x...]
Compiling architecture synth of entity c_shift_ram_v12_0_14.c_shift_ram_v12_0_14_viv [\c_shift_ram_v12_0_14_viv(c_xdev...]
Compiling architecture xilinx of entity xfft_v9_1_9.shift_ram [\shift_ram(c_xdevicefamily="zynq...]
Compiling architecture struct of entity c_shift_ram_v12_0_14.c_shift_ram_v12_0_14_legacy [\c_shift_ram_v12_0_14_legacy(c_x...]
Compiling architecture synth of entity c_shift_ram_v12_0_14.c_shift_ram_v12_0_14_viv [\c_shift_ram_v12_0_14_viv(c_xdev...]
Compiling architecture xilinx of entity xfft_v9_1_9.shift_ram [\shift_ram(c_xdevicefamily="zynq...]
Compiling architecture struct of entity c_shift_ram_v12_0_14.c_shift_ram_v12_0_14_legacy [\c_shift_ram_v12_0_14_legacy(c_x...]
Compiling architecture synth of entity c_shift_ram_v12_0_14.c_shift_ram_v12_0_14_viv [\c_shift_ram_v12_0_14_viv(c_xdev...]
Compiling architecture xilinx of entity xfft_v9_1_9.shift_ram [\shift_ram(c_xdevicefamily="zynq...]
Compiling architecture struct of entity c_shift_ram_v12_0_14.c_shift_ram_v12_0_14_legacy [\c_shift_ram_v12_0_14_legacy(c_x...]
Compiling architecture synth of entity c_shift_ram_v12_0_14.c_shift_ram_v12_0_14_viv [\c_shift_ram_v12_0_14_viv(c_xdev...]
Compiling architecture xilinx of entity xfft_v9_1_9.shift_ram [\shift_ram(c_xdevicefamily="zynq...]
Compiling architecture struct of entity c_shift_ram_v12_0_14.c_shift_ram_v12_0_14_legacy [\c_shift_ram_v12_0_14_legacy(c_x...]
Compiling architecture synth of entity c_shift_ram_v12_0_14.c_shift_ram_v12_0_14_viv [\c_shift_ram_v12_0_14_viv(c_xdev...]
Compiling architecture xilinx of entity xfft_v9_1_9.shift_ram [\shift_ram(c_xdevicefamily="zynq...]
Compiling architecture struct of entity c_shift_ram_v12_0_14.c_shift_ram_v12_0_14_legacy [\c_shift_ram_v12_0_14_legacy(c_x...]
Compiling architecture synth of entity c_shift_ram_v12_0_14.c_shift_ram_v12_0_14_viv [\c_shift_ram_v12_0_14_viv(c_xdev...]
Compiling architecture xilinx of entity xfft_v9_1_9.shift_ram [\shift_ram(c_xdevicefamily="zynq...]
Compiling architecture struct of entity c_shift_ram_v12_0_14.c_shift_ram_v12_0_14_legacy [\c_shift_ram_v12_0_14_legacy(c_x...]
Compiling architecture synth of entity c_shift_ram_v12_0_14.c_shift_ram_v12_0_14_viv [\c_shift_ram_v12_0_14_viv(c_xdev...]
Compiling architecture xilinx of entity xfft_v9_1_9.shift_ram [\shift_ram(c_xdevicefamily="zynq...]
Compiling architecture struct of entity c_shift_ram_v12_0_14.c_shift_ram_v12_0_14_legacy [\c_shift_ram_v12_0_14_legacy(c_x...]
Compiling architecture synth of entity c_shift_ram_v12_0_14.c_shift_ram_v12_0_14_viv [\c_shift_ram_v12_0_14_viv(c_xdev...]
Compiling architecture xilinx of entity xfft_v9_1_9.shift_ram [\shift_ram(c_xdevicefamily="zynq...]
Compiling architecture xilinx of entity xfft_v9_1_9.shift_ram [\shift_ram(c_xdevicefamily="zynq...]
Compiling architecture xilinx of entity xfft_v9_1_9.shift_ram [\shift_ram(c_xdevicefamily="zynq...]
Compiling architecture xilinx of entity xfft_v9_1_9.r22_bf_sp [\r22_bf_sp(c_xdevicefamily="zynq...]
Compiling architecture xilinx of entity xfft_v9_1_9.shift_ram [\shift_ram(c_xdevicefamily="zynq...]
Compiling architecture xilinx of entity xfft_v9_1_9.r22_bf_sp [\r22_bf_sp(c_xdevicefamily="zynq...]
Compiling architecture xilinx of entity xfft_v9_1_9.shift_ram [\shift_ram(c_xdevicefamily="zynq...]
Compiling architecture struct of entity c_shift_ram_v12_0_14.c_shift_ram_v12_0_14_legacy [\c_shift_ram_v12_0_14_legacy(c_x...]
Compiling architecture synth of entity c_shift_ram_v12_0_14.c_shift_ram_v12_0_14_viv [\c_shift_ram_v12_0_14_viv(c_xdev...]
Compiling architecture xilinx of entity xfft_v9_1_9.shift_ram [\shift_ram(c_xdevicefamily="zynq...]
Compiling architecture structural of entity c_reg_fd_v12_0_6.c_reg_fd_v12_0_6_viv [\c_reg_fd_v12_0_6_viv(c_width=3,...]
Compiling architecture rtl of entity c_addsub_v12_0_15.c_addsub_v12_0_15_lut6_legacy [\c_addsub_v12_0_15_lut6_legacy(c...]
Compiling architecture synth of entity c_addsub_v12_0_15.c_addsub_v12_0_15_fabric_legacy [\c_addsub_v12_0_15_fabric_legacy...]
Compiling architecture synth of entity c_addsub_v12_0_15.c_addsub_v12_0_15_legacy [\c_addsub_v12_0_15_legacy(c_fami...]
Compiling architecture synth of entity c_addsub_v12_0_15.c_addsub_v12_0_15_viv [\c_addsub_v12_0_15_viv(c_xdevice...]
Compiling architecture xilinx of entity xfft_v9_1_9.adder [\adder(c_xdevicefamily="zynq",c_...]
Compiling architecture xilinx of entity xfft_v9_1_9.mux_bus4 [\mux_bus4(c_xdevicefamily="zynq"...]
Compiling architecture xilinx of entity xfft_v9_1_9.twgen_distmem [\twgen_distmem(theta_width=2,pip...]
Compiling architecture xilinx of entity xfft_v9_1_9.twiddle_gen [\twiddle_gen(c_xdevicefamily="zy...]
Compiling architecture xilinx of entity xfft_v9_1_9.r22_tw_gen [\r22_tw_gen(c_xdevicefamily="zyn...]
Compiling architecture xilinx of entity xfft_v9_1_9.shift_ram [\shift_ram(c_xdevicefamily="zynq...]
Compiling architecture xilinx of entity xfft_v9_1_9.shift_ram [\shift_ram(c_xdevicefamily="zynq...]
Compiling architecture xilinx of entity xfft_v9_1_9.r22_pe [\r22_pe(c_xdevicefamily="zynq",c...]
Compiling architecture struct of entity c_shift_ram_v12_0_14.c_shift_ram_v12_0_14_legacy [\c_shift_ram_v12_0_14_legacy(c_x...]
Compiling architecture synth of entity c_shift_ram_v12_0_14.c_shift_ram_v12_0_14_viv [\c_shift_ram_v12_0_14_viv(c_xdev...]
Compiling architecture xilinx of entity xfft_v9_1_9.shift_ram [\shift_ram(c_xdevicefamily="zynq...]
Compiling architecture xilinx of entity xfft_v9_1_9.shift_ram [\shift_ram(c_xdevicefamily="zynq...]
Compiling architecture xilinx of entity xfft_v9_1_9.shift_ram [\shift_ram(c_xdevicefamily="zynq...]
Compiling architecture xilinx of entity xfft_v9_1_9.shift_ram [\shift_ram(c_xdevicefamily="zynq...]
Compiling architecture xilinx of entity xfft_v9_1_9.shift_ram [\shift_ram(c_xdevicefamily="zynq...]
Compiling architecture xilinx of entity xfft_v9_1_9.shift_ram [\shift_ram(c_xdevicefamily="zynq...]
Compiling architecture xilinx of entity xfft_v9_1_9.shift_ram [\shift_ram(c_xdevicefamily="zynq...]
Compiling architecture xilinx of entity xfft_v9_1_9.r22_bf_sp [\r22_bf_sp(c_xdevicefamily="zynq...]
Compiling architecture xilinx of entity xfft_v9_1_9.arith_shift1 [\arith_shift1(c_xdevicefamily="z...]
Compiling architecture xilinx of entity xfft_v9_1_9.unbiased_round [\unbiased_round(c_xdevicefamily=...]
Compiling architecture xilinx of entity xfft_v9_1_9.shift_ram [\shift_ram(c_xdevicefamily="zynq...]
Compiling architecture xilinx of entity xfft_v9_1_9.shift_ram [\shift_ram(c_xdevicefamily="zynq...]
Compiling architecture xilinx of entity xfft_v9_1_9.shift_ram [\shift_ram(c_xdevicefamily="zynq...]
Compiling architecture xilinx of entity xfft_v9_1_9.r22_pe [\r22_pe(c_xdevicefamily="zynq",c...]
Compiling architecture xilinx of entity xfft_v9_1_9.shift_ram [\shift_ram(c_xdevicefamily="zynq...]
Compiling architecture xilinx of entity xfft_v9_1_9.shift_ram [\shift_ram(c_xdevicefamily="zynq...]
Compiling architecture xilinx of entity xfft_v9_1_9.shift_ram [\shift_ram(c_xdevicefamily="zynq...]
Compiling architecture xilinx of entity xfft_v9_1_9.shift_ram [\shift_ram(c_xdevicefamily="zynq...]
Compiling architecture rb18_internal_vhdl_v of entity unisim.RB18_INTERNAL_VHDL [\RB18_INTERNAL_VHDL(bram_size=18...]
Compiling architecture ramb18e1_v of entity unisim.RAMB18E1 [\RAMB18E1(doa_reg=1,dob_reg=1,ra...]
Compiling architecture xilinx of entity xfft_v9_1_9.dpm [\dpm(c_xdevicefamily="zynq",wm="...]
Compiling architecture xilinx of entity xfft_v9_1_9.r22_memory [\r22_memory(c_xdevicefamily="zyn...]
Compiling architecture xilinx of entity xfft_v9_1_9.shift_ram [\shift_ram(c_xdevicefamily="zynq...]
Compiling architecture xilinx of entity xfft_v9_1_9.shift_ram [\shift_ram(c_xdevicefamily="zynq...]
Compiling architecture xilinx of entity xfft_v9_1_9.shift_ram [\shift_ram(c_xdevicefamily="zynq...]
Compiling architecture xilinx of entity xfft_v9_1_9.shift_ram [\shift_ram(c_xdevicefamily="zynq...]
Compiling architecture xilinx of entity xfft_v9_1_9.r22_busy [\r22_busy(c_xdevicefamily="zynq"...]
Compiling architecture xilinx of entity xfft_v9_1_9.shift_ram [\shift_ram(c_xdevicefamily="zynq...]
Compiling architecture fdre_v of entity unisim.FDRE [fdre_default]
Compiling architecture muxcy_v of entity unisim.MUXCY [muxcy_default]
Compiling architecture xorcy_v of entity unisim.XORCY [xorcy_default]
Compiling architecture rtl of entity c_addsub_v12_0_15.c_addsub_v12_0_15_lut6_legacy [\c_addsub_v12_0_15_lut6_legacy(c...]
Compiling architecture synth of entity c_addsub_v12_0_15.c_addsub_v12_0_15_fabric_legacy [\c_addsub_v12_0_15_fabric_legacy...]
Compiling architecture synth of entity c_addsub_v12_0_15.c_addsub_v12_0_15_legacy [\c_addsub_v12_0_15_legacy(c_fami...]
Compiling architecture synth of entity c_addsub_v12_0_15.c_addsub_v12_0_15_viv [\c_addsub_v12_0_15_viv(c_xdevice...]
Compiling architecture xilinx of entity xfft_v9_1_9.logic_gate [\logic_gate(c_xdevicefamily="zyn...]
Compiling architecture fdse_v of entity unisim.FDSE [fdse_default]
Compiling architecture xilinx of entity xfft_v9_1_9.cnt_sat [\cnt_sat(c_xdevicefamily="zynq",...]
Compiling architecture rtl of entity c_addsub_v12_0_15.c_addsub_v12_0_15_lut6_legacy [\c_addsub_v12_0_15_lut6_legacy(c...]
Compiling architecture synth of entity c_addsub_v12_0_15.c_addsub_v12_0_15_fabric_legacy [\c_addsub_v12_0_15_fabric_legacy...]
Compiling architecture synth of entity c_addsub_v12_0_15.c_addsub_v12_0_15_legacy [\c_addsub_v12_0_15_legacy(c_fami...]
Compiling architecture synth of entity c_addsub_v12_0_15.c_addsub_v12_0_15_viv [\c_addsub_v12_0_15_viv(c_xdevice...]
Compiling architecture xilinx of entity xfft_v9_1_9.logic_gate [\logic_gate(c_xdevicefamily="zyn...]
Compiling architecture xilinx of entity xfft_v9_1_9.cnt_sat [\cnt_sat(c_xdevicefamily="zynq",...]
Compiling architecture rtl of entity c_addsub_v12_0_15.c_addsub_v12_0_15_lut6_legacy [\c_addsub_v12_0_15_lut6_legacy(c...]
Compiling architecture synth of entity c_addsub_v12_0_15.c_addsub_v12_0_15_fabric_legacy [\c_addsub_v12_0_15_fabric_legacy...]
Compiling architecture synth of entity c_addsub_v12_0_15.c_addsub_v12_0_15_legacy [\c_addsub_v12_0_15_legacy(c_fami...]
Compiling architecture synth of entity c_addsub_v12_0_15.c_addsub_v12_0_15_viv [\c_addsub_v12_0_15_viv(c_xdevice...]
Compiling architecture xilinx of entity xfft_v9_1_9.logic_gate [\logic_gate(c_xdevicefamily="zyn...]
Compiling architecture xilinx of entity xfft_v9_1_9.cnt_sat [\cnt_sat(c_xdevicefamily="zynq",...]
Compiling architecture rtl of entity c_addsub_v12_0_15.c_addsub_v12_0_15_lut6_legacy [\c_addsub_v12_0_15_lut6_legacy(c...]
Compiling architecture synth of entity c_addsub_v12_0_15.c_addsub_v12_0_15_fabric_legacy [\c_addsub_v12_0_15_fabric_legacy...]
Compiling architecture synth of entity c_addsub_v12_0_15.c_addsub_v12_0_15_legacy [\c_addsub_v12_0_15_legacy(c_fami...]
Compiling architecture synth of entity c_addsub_v12_0_15.c_addsub_v12_0_15_viv [\c_addsub_v12_0_15_viv(c_xdevice...]
Compiling architecture xilinx of entity xfft_v9_1_9.logic_gate [\logic_gate(c_xdevicefamily="zyn...]
Compiling architecture xilinx of entity xfft_v9_1_9.cnt_sat [\cnt_sat(c_xdevicefamily="zynq",...]
Compiling architecture rtl of entity c_addsub_v12_0_15.c_addsub_v12_0_15_lut6_legacy [\c_addsub_v12_0_15_lut6_legacy(c...]
Compiling architecture synth of entity c_addsub_v12_0_15.c_addsub_v12_0_15_fabric_legacy [\c_addsub_v12_0_15_fabric_legacy...]
Compiling architecture synth of entity c_addsub_v12_0_15.c_addsub_v12_0_15_legacy [\c_addsub_v12_0_15_legacy(c_fami...]
Compiling architecture synth of entity c_addsub_v12_0_15.c_addsub_v12_0_15_viv [\c_addsub_v12_0_15_viv(c_xdevice...]
Compiling architecture xilinx of entity xfft_v9_1_9.logic_gate [\logic_gate(c_xdevicefamily="zyn...]
Compiling architecture xilinx of entity xfft_v9_1_9.cnt_sat [\cnt_sat(c_xdevicefamily="zynq",...]
Compiling architecture structural of entity c_reg_fd_v12_0_6.c_reg_fd_v12_0_6_viv [\c_reg_fd_v12_0_6_viv(c_width=5,...]
Compiling architecture rtl of entity c_addsub_v12_0_15.c_addsub_v12_0_15_lut6_legacy [\c_addsub_v12_0_15_lut6_legacy(c...]
Compiling architecture synth of entity c_addsub_v12_0_15.c_addsub_v12_0_15_fabric_legacy [\c_addsub_v12_0_15_fabric_legacy...]
Compiling architecture synth of entity c_addsub_v12_0_15.c_addsub_v12_0_15_legacy [\c_addsub_v12_0_15_legacy(c_fami...]
Compiling architecture synth of entity c_addsub_v12_0_15.c_addsub_v12_0_15_viv [\c_addsub_v12_0_15_viv(c_xdevice...]
Compiling architecture lut6_v of entity unisim.LUT6 [\LUT6(init="10010000000010010000...]
Compiling architecture xilinx of entity xfft_v9_1_9.equ_rtl [\equ_rtl(c_xdevicefamily="zynq",...]
Compiling architecture xilinx of entity xfft_v9_1_9.cnt_tc_rtl_a [\cnt_tc_rtl_a(c_xdevicefamily="z...]
Compiling architecture struct of entity c_shift_ram_v12_0_14.c_shift_ram_v12_0_14_legacy [\c_shift_ram_v12_0_14_legacy(c_x...]
Compiling architecture synth of entity c_shift_ram_v12_0_14.c_shift_ram_v12_0_14_viv [\c_shift_ram_v12_0_14_viv(c_xdev...]
Compiling architecture xilinx of entity xfft_v9_1_9.shift_ram [\shift_ram(c_xdevicefamily="zynq...]
Compiling architecture xilinx of entity xfft_v9_1_9.r22_flow_ctrl [\r22_flow_ctrl(c_xdevicefamily="...]
Compiling architecture lut3_v of entity unisim.LUT3 [\LUT3(init="10101110")(0,7)\]
Compiling architecture xilinx of entity xfft_v9_1_9.r22_cnt_ctrl [\r22_cnt_ctrl(c_xdevicefamily="z...]
Compiling architecture srl16e_v of entity unisim.SRL16E [\SRL16E(0,15)\]
Compiling architecture xilinx of entity xfft_v9_1_9.shift_ram [\shift_ram(c_xdevicefamily="zynq...]
Compiling architecture fdr_v of entity unisim.FDR [fdr_default]
Compiling architecture xilinx of entity xfft_v9_1_9.shift_ram [\shift_ram(c_xdevicefamily="zynq...]
Compiling architecture xilinx of entity xfft_v9_1_9.shift_ram [\shift_ram(c_xdevicefamily="zynq...]
Compiling architecture xilinx of entity xfft_v9_1_9.xfft_v9_1_9_d [\xfft_v9_1_9_d(c_xdevicefamily="...]
Compiling architecture synth of entity xfft_v9_1_9.xfft_v9_1_9_core [\xfft_v9_1_9_core(c_xdevicefamil...]
Compiling architecture synth of entity xfft_v9_1_9.xfft_v9_1_9_viv [\xfft_v9_1_9_viv(c_xdevicefamily...]
Compiling architecture xilinx of entity xfft_v9_1_9.xfft_v9_1_9 [\xfft_v9_1_9(c_xdevicefamily="zy...]
Compiling architecture xfft_0_arch of entity xil_defaultlib.xfft_0 [xfft_0_default]
Compiling module xil_defaultlib.first_stage_wrapper_default
Compiling module xil_defaultlib.second_stage_controller(PAIR_COU...
Compiling module xil_defaultlib.phase_corrector_stream_default
Compiling module xil_defaultlib.phase_corrector_stream(FFT_ID=1)
Compiling module xil_defaultlib.phase_corrector_stream(FFT_ID=2)
Compiling module xil_defaultlib.phase_corrector_stream(FFT_ID=3)
Compiling module xil_defaultlib.phase_corrector_4lane_default
Compiling module xil_defaultlib.scd_fft1_bank_tdp_ram(ADDR_WIDTH...
Compiling module xil_defaultlib.scd_fft1_store_banked_default
Compiling module xil_defaultlib.scd_pair_streamer_parallel_defau...
Compiling architecture xilinx of entity cmpy_v6_0_21.delay_line [\delay_line(c_xdevicefamily="zyn...]
Compiling architecture xilinx of entity cmpy_v6_0_21.delay_line [\delay_line(c_xdevicefamily="zyn...]
Compiling architecture xilinx of entity cmpy_v6_0_21.delay_line [\delay_line(c_xdevicefamily="zyn...]
Compiling architecture xilinx of entity cmpy_v6_0_21.delay_line [\delay_line(c_xdevicefamily="zyn...]
Compiling architecture xilinx of entity cmpy_v6_0_21.delay_line [\delay_line(c_xdevicefamily="zyn...]
Compiling architecture xilinx of entity cmpy_v6_0_21.delay_line [\delay_line(c_xdevicefamily="zyn...]
Compiling architecture xilinx of entity mult_gen_v12_0_18.delay_line [\delay_line(c_xdevicefamily="zyn...]
Compiling architecture xilinx of entity mult_gen_v12_0_18.delay_line [\delay_line(c_xdevicefamily="zyn...]
Compiling architecture xilinx of entity mult_gen_v12_0_18.delay_line [\delay_line(c_xdevicefamily="zyn...]
Compiling architecture xilinx of entity mult_gen_v12_0_18.op_resize [\op_resize(ai_width=17,ao_width=...]
Compiling architecture xilinx of entity mult_gen_v12_0_18.dsp [\dsp(c_xdevicefamily="zynq",c_a_...]
Compiling architecture xilinx of entity cmpy_v6_0_21.cmpy_3_dsp48_mult [\cmpy_3_dsp48_mult(c_xdevicefami...]
Compiling architecture xilinx of entity mult_gen_v12_0_18.delay_line [\delay_line(c_xdevicefamily="zyn...]
Compiling architecture xilinx of entity mult_gen_v12_0_18.delay_line [\delay_line(c_xdevicefamily="zyn...]
Compiling architecture xilinx of entity mult_gen_v12_0_18.dsp [\dsp(c_xdevicefamily="zynq",c_a_...]
Compiling architecture xilinx of entity cmpy_v6_0_21.cmpy_3_dsp48_mult [\cmpy_3_dsp48_mult(c_xdevicefami...]
Compiling architecture xilinx of entity mult_gen_v12_0_18.dsp [\dsp(c_xdevicefamily="zynq",c_a_...]
Compiling architecture xilinx of entity cmpy_v6_0_21.cmpy_3_dsp48_mult [\cmpy_3_dsp48_mult(c_xdevicefami...]
Compiling architecture xilinx of entity cmpy_v6_0_21.input_negation [\input_negation(c_xdevicefamily=...]
Compiling architecture xilinx of entity cmpy_v6_0_21.delay_line [\delay_line(c_xdevicefamily="zyn...]
Compiling architecture xilinx of entity cmpy_v6_0_21.delay_line [\delay_line(c_xdevicefamily="zyn...]
Compiling architecture xilinx of entity cmpy_v6_0_21.cmpy_3_dsp48 [\cmpy_3_dsp48(c_xdevicefamily="z...]
Compiling architecture xilinx of entity cmpy_v6_0_21.cmpy_v6_0_21_synth [\cmpy_v6_0_21_synth(c_xdevicefam...]
Compiling architecture xilinx of entity cmpy_v6_0_21.cmpy_v6_0_21_viv [\cmpy_v6_0_21_viv(c_xdevicefamil...]
Compiling architecture xilinx of entity cmpy_v6_0_21.cmpy_v6_0_21 [\cmpy_v6_0_21(c_xdevicefamily="z...]
Compiling architecture cmpy_0_arch of entity xil_defaultlib.cmpy_0 [cmpy_0_default]
Compiling module xil_defaultlib.cmult2_resize_parallel
Compiling module xil_defaultlib.fft2_config_parallel
Compiling architecture synth of entity xfft_v9_1_9.axi_wrapper_input_fifo [\axi_wrapper_input_fifo(c_fifo_w...]
Compiling architecture synth of entity xfft_v9_1_9.axi_wrapper_input_fifo [\axi_wrapper_input_fifo(c_fifo_w...]
Compiling architecture synth of entity xfft_v9_1_9.axi_wrapper_output_fifo [\axi_wrapper_output_fifo(c_fifo_...]
Compiling architecture synth of entity xfft_v9_1_9.axi_wrapper [\axi_wrapper(c_nfft_max=7,c_arch...]
Compiling architecture structural of entity c_reg_fd_v12_0_6.c_reg_fd_v12_0_6_viv [\c_reg_fd_v12_0_6_viv(c_width=6,...]
Compiling architecture rtl of entity c_addsub_v12_0_15.c_addsub_v12_0_15_lut6_legacy [\c_addsub_v12_0_15_lut6_legacy(c...]
Compiling architecture synth of entity c_addsub_v12_0_15.c_addsub_v12_0_15_fabric_legacy [\c_addsub_v12_0_15_fabric_legacy...]
Compiling architecture synth of entity c_addsub_v12_0_15.c_addsub_v12_0_15_legacy [\c_addsub_v12_0_15_legacy(c_fami...]
Compiling architecture synth of entity c_addsub_v12_0_15.c_addsub_v12_0_15_viv [\c_addsub_v12_0_15_viv(c_xdevice...]
Compiling architecture xilinx of entity xfft_v9_1_9.subtracter [\subtracter(c_xdevicefamily="zyn...]
Compiling architecture xilinx of entity xfft_v9_1_9.equ_rtl [\equ_rtl(c_xdevicefamily="zynq",...]
Compiling architecture xilinx of entity xfft_v9_1_9.r22_cnt_ctrl [\r22_cnt_ctrl(c_xdevicefamily="z...]
Compiling architecture xilinx of entity xfft_v9_1_9.r22_cnt_ctrl [\r22_cnt_ctrl(c_xdevicefamily="z...]
Compiling architecture struct of entity c_shift_ram_v12_0_14.c_shift_ram_v12_0_14_legacy [\c_shift_ram_v12_0_14_legacy(c_x...]
Compiling architecture synth of entity c_shift_ram_v12_0_14.c_shift_ram_v12_0_14_viv [\c_shift_ram_v12_0_14_viv(c_xdev...]
Compiling architecture xilinx of entity xfft_v9_1_9.shift_ram [\shift_ram(c_xdevicefamily="zynq...]
Compiling architecture struct of entity c_shift_ram_v12_0_14.c_shift_ram_v12_0_14_legacy [\c_shift_ram_v12_0_14_legacy(c_x...]
Compiling architecture synth of entity c_shift_ram_v12_0_14.c_shift_ram_v12_0_14_viv [\c_shift_ram_v12_0_14_viv(c_xdev...]
Compiling architecture xilinx of entity xfft_v9_1_9.shift_ram [\shift_ram(c_xdevicefamily="zynq...]
Compiling architecture struct of entity c_shift_ram_v12_0_14.c_shift_ram_v12_0_14_legacy [\c_shift_ram_v12_0_14_legacy(c_x...]
Compiling architecture synth of entity c_shift_ram_v12_0_14.c_shift_ram_v12_0_14_viv [\c_shift_ram_v12_0_14_viv(c_xdev...]
Compiling architecture xilinx of entity xfft_v9_1_9.shift_ram [\shift_ram(c_xdevicefamily="zynq...]
Compiling architecture struct of entity c_shift_ram_v12_0_14.c_shift_ram_v12_0_14_legacy [\c_shift_ram_v12_0_14_legacy(c_x...]
Compiling architecture synth of entity c_shift_ram_v12_0_14.c_shift_ram_v12_0_14_viv [\c_shift_ram_v12_0_14_viv(c_xdev...]
Compiling architecture xilinx of entity xfft_v9_1_9.shift_ram [\shift_ram(c_xdevicefamily="zynq...]
Compiling architecture struct of entity c_shift_ram_v12_0_14.c_shift_ram_v12_0_14_legacy [\c_shift_ram_v12_0_14_legacy(c_x...]
Compiling architecture synth of entity c_shift_ram_v12_0_14.c_shift_ram_v12_0_14_viv [\c_shift_ram_v12_0_14_viv(c_xdev...]
Compiling architecture xilinx of entity xfft_v9_1_9.shift_ram [\shift_ram(c_xdevicefamily="zynq...]
Compiling architecture struct of entity c_shift_ram_v12_0_14.c_shift_ram_v12_0_14_legacy [\c_shift_ram_v12_0_14_legacy(c_x...]
Compiling architecture synth of entity c_shift_ram_v12_0_14.c_shift_ram_v12_0_14_viv [\c_shift_ram_v12_0_14_viv(c_xdev...]
Compiling architecture xilinx of entity xfft_v9_1_9.shift_ram [\shift_ram(c_xdevicefamily="zynq...]
Compiling architecture lut4_v of entity unisim.LUT4 [\LUT4(init="0000101011001010")(0...]
Compiling architecture xilinx of entity xfft_v9_1_9.shift_ram [\shift_ram(c_xdevicefamily="zynq...]
Compiling architecture xilinx of entity xfft_v9_1_9.shift_ram [\shift_ram(c_xdevicefamily="zynq...]
Compiling architecture xilinx of entity xfft_v9_1_9.mux_bus2 [\mux_bus2(c_xdevicefamily="zynq"...]
Compiling architecture xilinx of entity xfft_v9_1_9.r22_delay_mux [\r22_delay_mux(c_xdevicefamily="...]
Compiling architecture xilinx of entity xfft_v9_1_9.r22_delay_mux [\r22_delay_mux(c_xdevicefamily="...]
Compiling architecture xilinx of entity xfft_v9_1_9.shift_ram [\shift_ram(c_xdevicefamily="zynq...]
Compiling architecture xilinx of entity xfft_v9_1_9.shift_ram [\shift_ram(c_xdevicefamily="zynq...]
Compiling architecture structural of entity c_reg_fd_v12_0_6.c_reg_fd_v12_0_6_viv [\c_reg_fd_v12_0_6_viv(c_width=66...]
Compiling architecture struct of entity c_shift_ram_v12_0_14.c_shift_ram_v12_0_14_legacy [\c_shift_ram_v12_0_14_legacy(c_x...]
Compiling architecture synth of entity c_shift_ram_v12_0_14.c_shift_ram_v12_0_14_viv [\c_shift_ram_v12_0_14_viv(c_xdev...]
Compiling architecture synth of entity xfft_v9_1_9.r22_srl_memory [\r22_srl_memory(c_xdevicefamily=...]
Compiling architecture xilinx of entity xfft_v9_1_9.r22_memory [\r22_memory(c_xdevicefamily="zyn...]
Compiling architecture structural of entity c_reg_fd_v12_0_6.c_reg_fd_v12_0_6_viv [\c_reg_fd_v12_0_6_viv(c_width=34...]
Compiling architecture rtl of entity c_addsub_v12_0_15.c_addsub_v12_0_15_lut6_legacy [\c_addsub_v12_0_15_lut6_legacy(c...]
Compiling architecture synth of entity c_addsub_v12_0_15.c_addsub_v12_0_15_fabric_legacy [\c_addsub_v12_0_15_fabric_legacy...]
Compiling architecture synth of entity c_addsub_v12_0_15.c_addsub_v12_0_15_legacy [\c_addsub_v12_0_15_legacy(c_fami...]
Compiling architecture synth of entity c_addsub_v12_0_15.c_addsub_v12_0_15_viv [\c_addsub_v12_0_15_viv(c_xdevice...]
Compiling architecture xilinx of entity xfft_v9_1_9.adder_bypass [\adder_bypass(c_xdevicefamily="z...]
Compiling architecture structural of entity c_reg_fd_v12_0_6.c_reg_fd_v12_0_6_viv [\c_reg_fd_v12_0_6_viv(c_width=34...]
Compiling architecture rtl of entity c_addsub_v12_0_15.c_addsub_v12_0_15_lut6_legacy [\c_addsub_v12_0_15_lut6_legacy(c...]
Compiling architecture synth of entity c_addsub_v12_0_15.c_addsub_v12_0_15_fabric_legacy [\c_addsub_v12_0_15_fabric_legacy...]
Compiling architecture synth of entity c_addsub_v12_0_15.c_addsub_v12_0_15_legacy [\c_addsub_v12_0_15_legacy(c_fami...]
Compiling architecture synth of entity c_addsub_v12_0_15.c_addsub_v12_0_15_viv [\c_addsub_v12_0_15_viv(c_xdevice...]
Compiling architecture xilinx of entity xfft_v9_1_9.sub_byp [\sub_byp(c_xdevicefamily="zynq",...]
Compiling architecture xilinx of entity xfft_v9_1_9.r22_bfly_byp [\r22_bfly_byp(c_xdevicefamily="z...]
Compiling architecture xilinx of entity xfft_v9_1_9.r22_bf [\r22_bf(c_xdevicefamily="zynq",c...]
Compiling architecture xilinx of entity xfft_v9_1_9.shift_ram [\shift_ram(c_xdevicefamily="zynq...]
Compiling architecture synth of entity xfft_v9_1_9.r22_twos_comp_mux [\r22_twos_comp_mux(c_xdevicefami...]
Compiling architecture synth of entity xfft_v9_1_9.r22_twos_comp_mux [\r22_twos_comp_mux(c_xdevicefami...]
Compiling architecture xilinx of entity xfft_v9_1_9.shift_ram [\shift_ram(c_xdevicefamily="zynq...]
Compiling architecture xilinx of entity xfft_v9_1_9.mux_bus2 [\mux_bus2(c_xdevicefamily="zynq"...]
Compiling architecture xilinx of entity xfft_v9_1_9.r22_delay_mux [\r22_delay_mux(c_xdevicefamily="...]
Compiling architecture xilinx of entity xfft_v9_1_9.r22_delay_mux [\r22_delay_mux(c_xdevicefamily="...]
Compiling architecture xilinx of entity xfft_v9_1_9.shift_ram [\shift_ram(c_xdevicefamily="zynq...]
Compiling architecture xilinx of entity xfft_v9_1_9.shift_ram [\shift_ram(c_xdevicefamily="zynq...]
Compiling architecture structural of entity c_reg_fd_v12_0_6.c_reg_fd_v12_0_6_viv [\c_reg_fd_v12_0_6_viv(c_width=68...]
Compiling architecture srlc32e_v of entity unisim.SRLC32E [\SRLC32E(31,0)\]
Compiling architecture xilinx of entity c_shift_ram_v12_0_14.sr [\sr(addr_width=5,use_carry=0,sri...]
Compiling architecture struct of entity c_shift_ram_v12_0_14.c_shift_ram_v12_0_14_legacy [\c_shift_ram_v12_0_14_legacy(c_x...]
Compiling architecture synth of entity c_shift_ram_v12_0_14.c_shift_ram_v12_0_14_viv [\c_shift_ram_v12_0_14_viv(c_xdev...]
Compiling architecture synth of entity xfft_v9_1_9.r22_srl_memory [\r22_srl_memory(c_xdevicefamily=...]
Compiling architecture xilinx of entity xfft_v9_1_9.r22_memory [\r22_memory(c_xdevicefamily="zyn...]
Compiling architecture structural of entity c_reg_fd_v12_0_6.c_reg_fd_v12_0_6_viv [\c_reg_fd_v12_0_6_viv(c_width=35...]
Compiling architecture rtl of entity c_addsub_v12_0_15.c_addsub_v12_0_15_lut6_legacy [\c_addsub_v12_0_15_lut6_legacy(c...]
Compiling architecture synth of entity c_addsub_v12_0_15.c_addsub_v12_0_15_fabric_legacy [\c_addsub_v12_0_15_fabric_legacy...]
Compiling architecture synth of entity c_addsub_v12_0_15.c_addsub_v12_0_15_legacy [\c_addsub_v12_0_15_legacy(c_fami...]
Compiling architecture synth of entity c_addsub_v12_0_15.c_addsub_v12_0_15_viv [\c_addsub_v12_0_15_viv(c_xdevice...]
Compiling architecture xilinx of entity xfft_v9_1_9.adder_bypass [\adder_bypass(c_xdevicefamily="z...]
Compiling architecture structural of entity c_reg_fd_v12_0_6.c_reg_fd_v12_0_6_viv [\c_reg_fd_v12_0_6_viv(c_width=35...]
Compiling architecture rtl of entity c_addsub_v12_0_15.c_addsub_v12_0_15_lut6_legacy [\c_addsub_v12_0_15_lut6_legacy(c...]
Compiling architecture synth of entity c_addsub_v12_0_15.c_addsub_v12_0_15_fabric_legacy [\c_addsub_v12_0_15_fabric_legacy...]
Compiling architecture synth of entity c_addsub_v12_0_15.c_addsub_v12_0_15_legacy [\c_addsub_v12_0_15_legacy(c_fami...]
Compiling architecture synth of entity c_addsub_v12_0_15.c_addsub_v12_0_15_viv [\c_addsub_v12_0_15_viv(c_xdevice...]
Compiling architecture xilinx of entity xfft_v9_1_9.sub_byp [\sub_byp(c_xdevicefamily="zynq",...]
Compiling architecture xilinx of entity xfft_v9_1_9.r22_bfly_byp [\r22_bfly_byp(c_xdevicefamily="z...]
Compiling architecture xilinx of entity xfft_v9_1_9.r22_bf [\r22_bf(c_xdevicefamily="zynq",c...]
Compiling architecture xilinx of entity xfft_v9_1_9.mux_bus2 [\mux_bus2(c_xdevicefamily="zynq"...]
Compiling architecture structural of entity c_reg_fd_v12_0_6.c_reg_fd_v12_0_6_viv [\c_reg_fd_v12_0_6_viv(c_width=7,...]
Compiling architecture rtl of entity c_addsub_v12_0_15.c_addsub_v12_0_15_lut6_legacy [\c_addsub_v12_0_15_lut6_legacy(c...]
Compiling architecture synth of entity c_addsub_v12_0_15.c_addsub_v12_0_15_fabric_legacy [\c_addsub_v12_0_15_fabric_legacy...]
Compiling architecture synth of entity c_addsub_v12_0_15.c_addsub_v12_0_15_legacy [\c_addsub_v12_0_15_legacy(c_fami...]
Compiling architecture synth of entity c_addsub_v12_0_15.c_addsub_v12_0_15_viv [\c_addsub_v12_0_15_viv(c_xdevice...]
Compiling architecture xilinx of entity xfft_v9_1_9.adder [\adder(c_xdevicefamily="zynq",c_...]
Compiling architecture xilinx of entity xfft_v9_1_9.mux_bus4 [\mux_bus4(c_xdevicefamily="zynq"...]
Compiling architecture xilinx of entity xfft_v9_1_9.twgen_distmem [\twgen_distmem(theta_width=6,pip...]
Compiling architecture xilinx of entity xfft_v9_1_9.twiddle_gen [\twiddle_gen(c_xdevicefamily="zy...]
Compiling architecture xilinx of entity xfft_v9_1_9.r22_tw_gen [\r22_tw_gen(c_xdevicefamily="zyn...]
Compiling architecture xilinx of entity cmpy_v6_0_21.delay_line [\delay_line(c_xdevicefamily="zyn...]
Compiling architecture xilinx of entity cmpy_v6_0_21.delay_line [\delay_line(c_xdevicefamily="zyn...]
Compiling architecture xilinx of entity cmpy_v6_0_21.delay_line [\delay_line(c_xdevicefamily="zyn...]
Compiling architecture xilinx of entity cmpy_v6_0_21.delay_line [\delay_line(c_xdevicefamily="zyn...]
Compiling architecture xilinx of entity mult_gen_v12_0_18.delay_line [\delay_line(c_xdevicefamily="zyn...]
Compiling architecture xilinx of entity mult_gen_v12_0_18.delay_line [\delay_line(c_xdevicefamily="zyn...]
Compiling architecture xilinx of entity mult_gen_v12_0_18.delay_line [\delay_line(c_xdevicefamily="zyn...]
Compiling architecture xilinx of entity mult_gen_v12_0_18.delay_line [\delay_line(c_xdevicefamily="zyn...]
Compiling architecture xilinx of entity mult_gen_v12_0_18.delay_line [\delay_line(c_xdevicefamily="zyn...]
Compiling architecture xilinx of entity mult_gen_v12_0_18.delay_line [\delay_line(c_xdevicefamily="zyn...]
Compiling architecture dsp48e1_v of entity unisim.DSP48E1 [\DSP48E1(alumodereg=0,a_input="C...]
Compiling architecture xilinx of entity mult_gen_v12_0_18.op_resize [\op_resize(ai_width=18,bi_width=...]
Compiling architecture xilinx of entity mult_gen_v12_0_18.dsp [\dsp(c_xdevicefamily="zynq",c_a_...]
Compiling architecture xilinx of entity cmpy_v6_0_21.cmpy_3_dsp48_mult [\cmpy_3_dsp48_mult(c_xdevicefami...]
Compiling architecture xilinx of entity cmpy_v6_0_21.delay_line [\delay_line(c_xdevicefamily="zyn...]
Compiling architecture dsp48e1_v of entity unisim.DSP48E1 [\DSP48E1(acascreg=2,alumodereg=0...]
Compiling architecture dsp48e1_v of entity unisim.DSP48E1 [\DSP48E1(alumodereg=0,a_input="C...]
Compiling architecture xilinx of entity mult_gen_v12_0_18.op_resize [\op_resize(ai_width=17,bi_width=...]
Compiling architecture xilinx of entity mult_gen_v12_0_18.dsp [\dsp(c_xdevicefamily="zynq",c_a_...]
Compiling architecture xilinx of entity cmpy_v6_0_21.cmpy_3_dsp48_mult [\cmpy_3_dsp48_mult(c_xdevicefami...]
Compiling architecture xilinx of entity mult_gen_v12_0_18.dsp [\dsp(c_xdevicefamily="zynq",c_a_...]
Compiling architecture xilinx of entity cmpy_v6_0_21.cmpy_3_dsp48_mult [\cmpy_3_dsp48_mult(c_xdevicefami...]
Compiling architecture xilinx of entity cmpy_v6_0_21.input_negation [\input_negation(c_xdevicefamily=...]
Compiling architecture xilinx of entity cmpy_v6_0_21.delay_line [\delay_line(c_xdevicefamily="zyn...]
Compiling architecture xilinx of entity cmpy_v6_0_21.cmpy_3_dsp48 [\cmpy_3_dsp48(c_xdevicefamily="z...]
Compiling architecture xilinx of entity cmpy_v6_0_21.cmpy_v6_0_21_synth [\cmpy_v6_0_21_synth(c_xdevicefam...]
Compiling architecture xilinx of entity xfft_v9_1_9.cmpy [\cmpy(c_xdevicefamily="zynq",a_w...]
Compiling architecture xilinx of entity xfft_v9_1_9.mux_bus4 [\mux_bus4(c_xdevicefamily="zynq"...]
Compiling architecture xilinx of entity xfft_v9_1_9.arith_shift3 [\arith_shift3(c_xdevicefamily="z...]
Compiling architecture xilinx of entity xfft_v9_1_9.shift_ram [\shift_ram(c_xdevicefamily="zynq...]
Compiling architecture xilinx of entity xfft_v9_1_9.logic_gate [\logic_gate(c_xdevicefamily="zyn...]
Compiling architecture rtl of entity c_addsub_v12_0_15.c_addsub_v12_0_15_lut6_legacy [\c_addsub_v12_0_15_lut6_legacy(c...]
Compiling architecture synth of entity c_addsub_v12_0_15.c_addsub_v12_0_15_fabric_legacy [\c_addsub_v12_0_15_fabric_legacy...]
Compiling architecture synth of entity c_addsub_v12_0_15.c_addsub_v12_0_15_legacy [\c_addsub_v12_0_15_legacy(c_fami...]
Compiling architecture synth of entity c_addsub_v12_0_15.c_addsub_v12_0_15_viv [\c_addsub_v12_0_15_viv(c_xdevice...]
Compiling architecture xilinx of entity xfft_v9_1_9.unbiased_round [\unbiased_round(c_xdevicefamily=...]
Compiling architecture xilinx of entity xfft_v9_1_9.shift_ram [\shift_ram(c_xdevicefamily="zynq...]
Compiling architecture xilinx of entity xfft_v9_1_9.shift_ram [\shift_ram(c_xdevicefamily="zynq...]
Compiling architecture xilinx of entity xfft_v9_1_9.r22_pe [\r22_pe(c_xdevicefamily="zynq",c...]
Compiling architecture xilinx of entity xfft_v9_1_9.r22_cnt_ctrl [\r22_cnt_ctrl(c_xdevicefamily="z...]
Compiling architecture xilinx of entity xfft_v9_1_9.r22_cnt_ctrl [\r22_cnt_ctrl(c_xdevicefamily="z...]
Compiling architecture struct of entity c_shift_ram_v12_0_14.c_shift_ram_v12_0_14_legacy [\c_shift_ram_v12_0_14_legacy(c_x...]
Compiling architecture synth of entity c_shift_ram_v12_0_14.c_shift_ram_v12_0_14_viv [\c_shift_ram_v12_0_14_viv(c_xdev...]
Compiling architecture xilinx of entity xfft_v9_1_9.shift_ram [\shift_ram(c_xdevicefamily="zynq...]
Compiling architecture struct of entity c_shift_ram_v12_0_14.c_shift_ram_v12_0_14_legacy [\c_shift_ram_v12_0_14_legacy(c_x...]
Compiling architecture synth of entity c_shift_ram_v12_0_14.c_shift_ram_v12_0_14_viv [\c_shift_ram_v12_0_14_viv(c_xdev...]
Compiling architecture xilinx of entity xfft_v9_1_9.shift_ram [\shift_ram(c_xdevicefamily="zynq...]
Compiling architecture xilinx of entity xfft_v9_1_9.shift_ram [\shift_ram(c_xdevicefamily="zynq...]
Compiling architecture struct of entity c_shift_ram_v12_0_14.c_shift_ram_v12_0_14_legacy [\c_shift_ram_v12_0_14_legacy(c_x...]
Compiling architecture synth of entity c_shift_ram_v12_0_14.c_shift_ram_v12_0_14_viv [\c_shift_ram_v12_0_14_viv(c_xdev...]
Compiling architecture xilinx of entity xfft_v9_1_9.shift_ram [\shift_ram(c_xdevicefamily="zynq...]
Compiling architecture struct of entity c_shift_ram_v12_0_14.c_shift_ram_v12_0_14_legacy [\c_shift_ram_v12_0_14_legacy(c_x...]
Compiling architecture synth of entity c_shift_ram_v12_0_14.c_shift_ram_v12_0_14_viv [\c_shift_ram_v12_0_14_viv(c_xdev...]
Compiling architecture xilinx of entity xfft_v9_1_9.shift_ram [\shift_ram(c_xdevicefamily="zynq...]
Compiling architecture struct of entity c_shift_ram_v12_0_14.c_shift_ram_v12_0_14_legacy [\c_shift_ram_v12_0_14_legacy(c_x...]
Compiling architecture synth of entity c_shift_ram_v12_0_14.c_shift_ram_v12_0_14_viv [\c_shift_ram_v12_0_14_viv(c_xdev...]
Compiling architecture xilinx of entity xfft_v9_1_9.shift_ram [\shift_ram(c_xdevicefamily="zynq...]
Compiling architecture struct of entity c_shift_ram_v12_0_14.c_shift_ram_v12_0_14_legacy [\c_shift_ram_v12_0_14_legacy(c_x...]
Compiling architecture synth of entity c_shift_ram_v12_0_14.c_shift_ram_v12_0_14_viv [\c_shift_ram_v12_0_14_viv(c_xdev...]
Compiling architecture xilinx of entity xfft_v9_1_9.shift_ram [\shift_ram(c_xdevicefamily="zynq...]
Compiling architecture lut1_v of entity unisim.LUT1 [\LUT1(init="0001")(0,3)\]
Compiling architecture structural of entity c_reg_fd_v12_0_6.c_reg_fd_v12_0_6_viv [\c_reg_fd_v12_0_6_viv(c_width=33...]
Compiling architecture rtl of entity c_addsub_v12_0_15.c_addsub_v12_0_15_lut6_legacy [\c_addsub_v12_0_15_lut6_legacy(c...]
Compiling architecture synth of entity c_addsub_v12_0_15.c_addsub_v12_0_15_fabric_legacy [\c_addsub_v12_0_15_fabric_legacy...]
Compiling architecture synth of entity c_addsub_v12_0_15.c_addsub_v12_0_15_legacy [\c_addsub_v12_0_15_legacy(c_fami...]
Compiling architecture synth of entity c_addsub_v12_0_15.c_addsub_v12_0_15_viv [\c_addsub_v12_0_15_viv(c_xdevice...]
Compiling architecture xilinx of entity xfft_v9_1_9.adder [\adder(c_xdevicefamily="zynq",c_...]
Compiling architecture xilinx of entity xfft_v9_1_9.shift_ram [\shift_ram(c_xdevicefamily="zynq...]
Compiling architecture xilinx of entity xfft_v9_1_9.r22_delay_mux [\r22_delay_mux(c_xdevicefamily="...]
Compiling architecture xilinx of entity xfft_v9_1_9.r22_delay_mux [\r22_delay_mux(c_xdevicefamily="...]
Compiling architecture structural of entity c_reg_fd_v12_0_6.c_reg_fd_v12_0_6_viv [\c_reg_fd_v12_0_6_viv(c_sync_pri...]
Compiling architecture srl16e_v of entity unisim.SRL16E [\SRL16E(15,0)\]
Compiling architecture xilinx of entity c_shift_ram_v12_0_14.sr [\sr(addr_width=4,use_carry=0,sri...]
Compiling architecture struct of entity c_shift_ram_v12_0_14.c_shift_ram_v12_0_14_legacy [\c_shift_ram_v12_0_14_legacy(c_x...]
Compiling architecture synth of entity c_shift_ram_v12_0_14.c_shift_ram_v12_0_14_viv [\c_shift_ram_v12_0_14_viv(c_xdev...]
Compiling architecture xilinx of entity xfft_v9_1_9.shift_ram [\shift_ram(c_xdevicefamily="zynq...]
Compiling architecture structural of entity c_reg_fd_v12_0_6.c_reg_fd_v12_0_6_viv [\c_reg_fd_v12_0_6_viv(c_width=32...]
Compiling architecture struct of entity c_shift_ram_v12_0_14.c_shift_ram_v12_0_14_legacy [\c_shift_ram_v12_0_14_legacy(c_x...]
Compiling architecture synth of entity c_shift_ram_v12_0_14.c_shift_ram_v12_0_14_viv [\c_shift_ram_v12_0_14_viv(c_xdev...]
Compiling architecture xilinx of entity xfft_v9_1_9.shift_ram [\shift_ram(c_xdevicefamily="zynq...]
Compiling architecture xilinx of entity xfft_v9_1_9.mux_bus2 [\mux_bus2(c_xdevicefamily="zynq"...]
Compiling architecture structural of entity c_reg_fd_v12_0_6.c_reg_fd_v12_0_6_viv [\c_reg_fd_v12_0_6_viv(c_width=33...]
Compiling architecture struct of entity c_shift_ram_v12_0_14.c_shift_ram_v12_0_14_legacy [\c_shift_ram_v12_0_14_legacy(c_x...]
Compiling architecture synth of entity c_shift_ram_v12_0_14.c_shift_ram_v12_0_14_viv [\c_shift_ram_v12_0_14_viv(c_xdev...]
Compiling architecture xilinx of entity xfft_v9_1_9.shift_ram [\shift_ram(c_xdevicefamily="zynq...]
Compiling architecture xilinx of entity xfft_v9_1_9.r22_bf_sp [\r22_bf_sp(c_xdevicefamily="zynq...]
Compiling architecture rtl of entity c_addsub_v12_0_15.c_addsub_v12_0_15_lut6_legacy [\c_addsub_v12_0_15_lut6_legacy(c...]
Compiling architecture synth of entity c_addsub_v12_0_15.c_addsub_v12_0_15_fabric_legacy [\c_addsub_v12_0_15_fabric_legacy...]
Compiling architecture synth of entity c_addsub_v12_0_15.c_addsub_v12_0_15_legacy [\c_addsub_v12_0_15_legacy(c_fami...]
Compiling architecture synth of entity c_addsub_v12_0_15.c_addsub_v12_0_15_viv [\c_addsub_v12_0_15_viv(c_xdevice...]
Compiling architecture xilinx of entity xfft_v9_1_9.adder [\adder(c_xdevicefamily="zynq",c_...]
Compiling architecture xilinx of entity xfft_v9_1_9.r22_delay_mux [\r22_delay_mux(c_xdevicefamily="...]
Compiling architecture xilinx of entity xfft_v9_1_9.r22_delay_mux [\r22_delay_mux(c_xdevicefamily="...]
Compiling architecture struct of entity c_shift_ram_v12_0_14.c_shift_ram_v12_0_14_legacy [\c_shift_ram_v12_0_14_legacy(c_x...]
Compiling architecture synth of entity c_shift_ram_v12_0_14.c_shift_ram_v12_0_14_viv [\c_shift_ram_v12_0_14_viv(c_xdev...]
Compiling architecture xilinx of entity xfft_v9_1_9.shift_ram [\shift_ram(c_xdevicefamily="zynq...]
Compiling architecture structural of entity c_reg_fd_v12_0_6.c_reg_fd_v12_0_6_viv [\c_reg_fd_v12_0_6_viv(c_width=34...]
Compiling architecture struct of entity c_shift_ram_v12_0_14.c_shift_ram_v12_0_14_legacy [\c_shift_ram_v12_0_14_legacy(c_x...]
Compiling architecture synth of entity c_shift_ram_v12_0_14.c_shift_ram_v12_0_14_viv [\c_shift_ram_v12_0_14_viv(c_xdev...]
Compiling architecture xilinx of entity xfft_v9_1_9.shift_ram [\shift_ram(c_xdevicefamily="zynq...]
Compiling architecture xilinx of entity xfft_v9_1_9.r22_bf_sp [\r22_bf_sp(c_xdevicefamily="zynq...]
Compiling architecture xilinx of entity xfft_v9_1_9.mux_bus2 [\mux_bus2(c_xdevicefamily="zynq"...]
Compiling architecture struct of entity c_shift_ram_v12_0_14.c_shift_ram_v12_0_14_legacy [\c_shift_ram_v12_0_14_legacy(c_x...]
Compiling architecture synth of entity c_shift_ram_v12_0_14.c_shift_ram_v12_0_14_viv [\c_shift_ram_v12_0_14_viv(c_xdev...]
Compiling architecture xilinx of entity xfft_v9_1_9.shift_ram [\shift_ram(c_xdevicefamily="zynq...]
Compiling architecture struct of entity c_shift_ram_v12_0_14.c_shift_ram_v12_0_14_legacy [\c_shift_ram_v12_0_14_legacy(c_x...]
Compiling architecture synth of entity c_shift_ram_v12_0_14.c_shift_ram_v12_0_14_viv [\c_shift_ram_v12_0_14_viv(c_xdev...]
Compiling architecture xilinx of entity xfft_v9_1_9.shift_ram [\shift_ram(c_xdevicefamily="zynq...]
Compiling architecture struct of entity c_shift_ram_v12_0_14.c_shift_ram_v12_0_14_legacy [\c_shift_ram_v12_0_14_legacy(c_x...]
Compiling architecture synth of entity c_shift_ram_v12_0_14.c_shift_ram_v12_0_14_viv [\c_shift_ram_v12_0_14_viv(c_xdev...]
Compiling architecture xilinx of entity xfft_v9_1_9.shift_ram [\shift_ram(c_xdevicefamily="zynq...]
Compiling architecture xilinx of entity xfft_v9_1_9.shift_ram [\shift_ram(c_xdevicefamily="zynq...]
Compiling architecture xilinx of entity xfft_v9_1_9.r22_pe [\r22_pe(c_xdevicefamily="zynq",c...]
Compiling architecture xilinx of entity xfft_v9_1_9.r22_cnt_ctrl [\r22_cnt_ctrl(c_xdevicefamily="z...]
Compiling architecture xilinx of entity xfft_v9_1_9.r22_cnt_ctrl [\r22_cnt_ctrl(c_xdevicefamily="z...]
Compiling architecture struct of entity c_shift_ram_v12_0_14.c_shift_ram_v12_0_14_legacy [\c_shift_ram_v12_0_14_legacy(c_x...]
Compiling architecture synth of entity c_shift_ram_v12_0_14.c_shift_ram_v12_0_14_viv [\c_shift_ram_v12_0_14_viv(c_xdev...]
Compiling architecture xilinx of entity xfft_v9_1_9.shift_ram [\shift_ram(c_xdevicefamily="zynq...]
Compiling architecture struct of entity c_shift_ram_v12_0_14.c_shift_ram_v12_0_14_legacy [\c_shift_ram_v12_0_14_legacy(c_x...]
Compiling architecture synth of entity c_shift_ram_v12_0_14.c_shift_ram_v12_0_14_viv [\c_shift_ram_v12_0_14_viv(c_xdev...]
Compiling architecture xilinx of entity xfft_v9_1_9.shift_ram [\shift_ram(c_xdevicefamily="zynq...]
Compiling architecture struct of entity c_shift_ram_v12_0_14.c_shift_ram_v12_0_14_legacy [\c_shift_ram_v12_0_14_legacy(c_x...]
Compiling architecture synth of entity c_shift_ram_v12_0_14.c_shift_ram_v12_0_14_viv [\c_shift_ram_v12_0_14_viv(c_xdev...]
Compiling architecture xilinx of entity xfft_v9_1_9.shift_ram [\shift_ram(c_xdevicefamily="zynq...]
Compiling architecture struct of entity c_shift_ram_v12_0_14.c_shift_ram_v12_0_14_legacy [\c_shift_ram_v12_0_14_legacy(c_x...]
Compiling architecture synth of entity c_shift_ram_v12_0_14.c_shift_ram_v12_0_14_viv [\c_shift_ram_v12_0_14_viv(c_xdev...]
Compiling architecture xilinx of entity xfft_v9_1_9.shift_ram [\shift_ram(c_xdevicefamily="zynq...]
Compiling architecture xilinx of entity xfft_v9_1_9.shift_ram [\shift_ram(c_xdevicefamily="zynq...]
Compiling architecture xilinx of entity xfft_v9_1_9.r22_delay_mux [\r22_delay_mux(c_xdevicefamily="...]
Compiling architecture xilinx of entity xfft_v9_1_9.r22_delay_mux [\r22_delay_mux(c_xdevicefamily="...]
Compiling architecture struct of entity c_shift_ram_v12_0_14.c_shift_ram_v12_0_14_legacy [\c_shift_ram_v12_0_14_legacy(c_x...]
Compiling architecture synth of entity c_shift_ram_v12_0_14.c_shift_ram_v12_0_14_viv [\c_shift_ram_v12_0_14_viv(c_xdev...]
Compiling architecture xilinx of entity xfft_v9_1_9.shift_ram [\shift_ram(c_xdevicefamily="zynq...]
Compiling architecture struct of entity c_shift_ram_v12_0_14.c_shift_ram_v12_0_14_legacy [\c_shift_ram_v12_0_14_legacy(c_x...]
Compiling architecture synth of entity c_shift_ram_v12_0_14.c_shift_ram_v12_0_14_viv [\c_shift_ram_v12_0_14_viv(c_xdev...]
Compiling architecture xilinx of entity xfft_v9_1_9.shift_ram [\shift_ram(c_xdevicefamily="zynq...]
Compiling architecture struct of entity c_shift_ram_v12_0_14.c_shift_ram_v12_0_14_legacy [\c_shift_ram_v12_0_14_legacy(c_x...]
Compiling architecture synth of entity c_shift_ram_v12_0_14.c_shift_ram_v12_0_14_viv [\c_shift_ram_v12_0_14_viv(c_xdev...]
Compiling architecture xilinx of entity xfft_v9_1_9.shift_ram [\shift_ram(c_xdevicefamily="zynq...]
Compiling architecture xilinx of entity xfft_v9_1_9.r22_bf_sp [\r22_bf_sp(c_xdevicefamily="zynq...]
Compiling architecture xilinx of entity xfft_v9_1_9.shift_ram [\shift_ram(c_xdevicefamily="zynq...]
Compiling architecture xilinx of entity xfft_v9_1_9.r22_delay_mux [\r22_delay_mux(c_xdevicefamily="...]
Compiling architecture xilinx of entity xfft_v9_1_9.r22_delay_mux [\r22_delay_mux(c_xdevicefamily="...]
Compiling architecture xilinx of entity xfft_v9_1_9.shift_ram [\shift_ram(c_xdevicefamily="zynq...]
Compiling architecture xilinx of entity xfft_v9_1_9.shift_ram [\shift_ram(c_xdevicefamily="zynq...]
Compiling architecture xilinx of entity xfft_v9_1_9.r22_bf_sp [\r22_bf_sp(c_xdevicefamily="zynq...]
Compiling architecture xilinx of entity xfft_v9_1_9.mux_bus2 [\mux_bus2(c_xdevicefamily="zynq"...]
Compiling architecture xilinx of entity xfft_v9_1_9.shift_ram [\shift_ram(c_xdevicefamily="zynq...]
Compiling architecture struct of entity c_shift_ram_v12_0_14.c_shift_ram_v12_0_14_legacy [\c_shift_ram_v12_0_14_legacy(c_x...]
Compiling architecture synth of entity c_shift_ram_v12_0_14.c_shift_ram_v12_0_14_viv [\c_shift_ram_v12_0_14_viv(c_xdev...]
Compiling architecture xilinx of entity xfft_v9_1_9.shift_ram [\shift_ram(c_xdevicefamily="zynq...]
Compiling architecture xilinx of entity xfft_v9_1_9.shift_ram [\shift_ram(c_xdevicefamily="zynq...]
Compiling architecture xilinx of entity xfft_v9_1_9.shift_ram [\shift_ram(c_xdevicefamily="zynq...]
Compiling architecture xilinx of entity xfft_v9_1_9.r22_pe [\r22_pe(c_xdevicefamily="zynq",c...]
Compiling architecture xilinx of entity xfft_v9_1_9.shift_ram [\shift_ram(c_xdevicefamily="zynq...]
Compiling architecture xilinx of entity xfft_v9_1_9.mux_bus2 [\mux_bus2(c_xdevicefamily="zynq"...]
Compiling architecture xilinx of entity xfft_v9_1_9.r22_delay_mux [\r22_delay_mux(c_xdevicefamily="...]
Compiling architecture xilinx of entity xfft_v9_1_9.shift_ram [\shift_ram(c_xdevicefamily="zynq...]
Compiling architecture xilinx of entity xfft_v9_1_9.shift_ram [\shift_ram(c_xdevicefamily="zynq...]
Compiling architecture xilinx of entity xfft_v9_1_9.shift_ram [\shift_ram(c_xdevicefamily="zynq...]
Compiling architecture xilinx of entity xfft_v9_1_9.shift_ram [\shift_ram(c_xdevicefamily="zynq...]
Compiling architecture xilinx of entity xfft_v9_1_9.r22_delay_mux [\r22_delay_mux(c_xdevicefamily="...]
Compiling architecture xilinx of entity xfft_v9_1_9.r22_delay_mux [\r22_delay_mux(c_xdevicefamily="...]
Compiling architecture xilinx of entity xfft_v9_1_9.shift_ram [\shift_ram(c_xdevicefamily="zynq...]
Compiling architecture xilinx of entity xfft_v9_1_9.r22_bf_sp [\r22_bf_sp(c_xdevicefamily="zynq...]
Compiling architecture xilinx of entity xfft_v9_1_9.arith_shift1 [\arith_shift1(c_xdevicefamily="z...]
Compiling architecture xilinx of entity xfft_v9_1_9.unbiased_round [\unbiased_round(c_xdevicefamily=...]
Compiling architecture xilinx of entity xfft_v9_1_9.shift_ram [\shift_ram(c_xdevicefamily="zynq...]
Compiling architecture xilinx of entity xfft_v9_1_9.shift_ram [\shift_ram(c_xdevicefamily="zynq...]
Compiling architecture xilinx of entity xfft_v9_1_9.r22_pe [\r22_pe(c_xdevicefamily="zynq",c...]
Compiling architecture muxf7_v of entity unisim.MUXF7 [muxf7_default]
Compiling architecture xilinx of entity xfft_v9_1_9.mux_bus8 [\mux_bus8(c_xdevicefamily="zynq"...]
Compiling architecture xilinx of entity xfft_v9_1_9.mux_bus16 [\mux_bus16(c_xdevicefamily="zynq...]
Compiling architecture xilinx of entity xfft_v9_1_9.shift_ram [\shift_ram(c_xdevicefamily="zynq...]
Compiling architecture xilinx of entity xfft_v9_1_9.mux_bus8 [\mux_bus8(c_xdevicefamily="zynq"...]
Compiling architecture xilinx of entity xfft_v9_1_9.shift_ram [\shift_ram(c_xdevicefamily="zynq...]
Compiling architecture xilinx of entity xfft_v9_1_9.so_run_addr_gen_left_shift [\so_run_addr_gen_left_shift(c_xd...]
Compiling architecture xilinx of entity xfft_v9_1_9.shift_ram [\shift_ram(c_xdevicefamily="zynq...]
Compiling architecture xilinx of entity xfft_v9_1_9.shift_ram [\shift_ram(c_xdevicefamily="zynq...]
Compiling architecture xilinx of entity xfft_v9_1_9.dpm [\dpm(c_xdevicefamily="zynq",wm="...]
Compiling architecture xilinx of entity xfft_v9_1_9.r22_memory [\r22_memory(c_xdevicefamily="zyn...]
Compiling architecture xilinx of entity xfft_v9_1_9.shift_ram [\shift_ram(c_xdevicefamily="zynq...]
Compiling architecture xilinx of entity xfft_v9_1_9.logic_gate [\logic_gate(c_xdevicefamily="zyn...]
Compiling architecture xilinx of entity xfft_v9_1_9.cnt_sat [\cnt_sat(c_xdevicefamily="zynq",...]
Compiling architecture xilinx of entity xfft_v9_1_9.logic_gate [\logic_gate(c_xdevicefamily="zyn...]
Compiling architecture xilinx of entity xfft_v9_1_9.cnt_sat [\cnt_sat(c_xdevicefamily="zynq",...]
Compiling architecture xilinx of entity xfft_v9_1_9.logic_gate [\logic_gate(c_xdevicefamily="zyn...]
Compiling architecture xilinx of entity xfft_v9_1_9.cnt_sat [\cnt_sat(c_xdevicefamily="zynq",...]
Compiling architecture xilinx of entity xfft_v9_1_9.logic_gate [\logic_gate(c_xdevicefamily="zyn...]
Compiling architecture xilinx of entity xfft_v9_1_9.cnt_sat [\cnt_sat(c_xdevicefamily="zynq",...]
Compiling architecture structural of entity c_reg_fd_v12_0_6.c_reg_fd_v12_0_6_viv [\c_reg_fd_v12_0_6_viv(c_width=7,...]
Compiling architecture rtl of entity c_addsub_v12_0_15.c_addsub_v12_0_15_lut6_legacy [\c_addsub_v12_0_15_lut6_legacy(c...]
Compiling architecture synth of entity c_addsub_v12_0_15.c_addsub_v12_0_15_fabric_legacy [\c_addsub_v12_0_15_fabric_legacy...]
Compiling architecture synth of entity c_addsub_v12_0_15.c_addsub_v12_0_15_legacy [\c_addsub_v12_0_15_legacy(c_fami...]
Compiling architecture synth of entity c_addsub_v12_0_15.c_addsub_v12_0_15_viv [\c_addsub_v12_0_15_viv(c_xdevice...]
Compiling architecture xilinx of entity xfft_v9_1_9.equ_rtl [\equ_rtl(c_xdevicefamily="zynq",...]
Compiling architecture xilinx of entity xfft_v9_1_9.cnt_tc_rtl_a [\cnt_tc_rtl_a(c_xdevicefamily="z...]
Compiling architecture xilinx of entity xfft_v9_1_9.r22_flow_ctrl [\r22_flow_ctrl(c_xdevicefamily="...]
Compiling architecture xilinx of entity xfft_v9_1_9.r22_cnt_ctrl [\r22_cnt_ctrl(c_xdevicefamily="z...]
Compiling architecture xilinx of entity xfft_v9_1_9.shift_ram [\shift_ram(c_xdevicefamily="zynq...]
Compiling architecture xilinx of entity xfft_v9_1_9.shift_ram [\shift_ram(c_xdevicefamily="zynq...]
Compiling architecture xilinx of entity xfft_v9_1_9.xfft_v9_1_9_d [\xfft_v9_1_9_d(c_xdevicefamily="...]
Compiling architecture synth of entity xfft_v9_1_9.xfft_v9_1_9_core [\xfft_v9_1_9_core(c_xdevicefamil...]
Compiling architecture synth of entity xfft_v9_1_9.xfft_v9_1_9_viv [\xfft_v9_1_9_viv(c_xdevicefamily...]
Compiling architecture xilinx of entity xfft_v9_1_9.xfft_v9_1_9 [\xfft_v9_1_9(c_xdevicefamily="zy...]
Compiling architecture xfft_1_arch of entity xil_defaultlib.xfft_1 [xfft_1_default]
Compiling module xil_defaultlib.fft2_bin_filter_parallel(IDX_WID...
Compiling module xil_defaultlib.second_stage_wrapper_default
Compiling module xil_defaultlib.detection_compare_parallel(DATA_...
Compiling module xil_defaultlib.fam_detector_top_default
Compiling module xil_defaultlib.fam_detector_top_tb
Compiling module xil_defaultlib.glbl
Built simulation snapshot fam_detector_top_tb_behav
